Archive member included to satisfy reference by file (symbol)

/home/clover/TOOLS/gcc-arm-none-eabi-5_3-2016q1/bin/../lib/gcc/arm-none-eabi/5.3.1/../../../../arm-none-eabi/lib/armv7-m/libstdc++_nano.a(del_op.o)
                              ./src/i2c/CLRI2C.o (operator delete(void*))
/home/clover/TOOLS/gcc-arm-none-eabi-5_3-2016q1/bin/../lib/gcc/arm-none-eabi/5.3.1/../../../../arm-none-eabi/lib/armv7-m/libstdc++_nano.a(new_op.o)
                              ./src/TSM12/CLRTouchpad.o (operator new(unsigned int))
/home/clover/TOOLS/gcc-arm-none-eabi-5_3-2016q1/bin/../lib/gcc/arm-none-eabi/5.3.1/../../../../arm-none-eabi/lib/armv7-m/libstdc++_nano.a(new_handler.o)
                              /home/clover/TOOLS/gcc-arm-none-eabi-5_3-2016q1/bin/../lib/gcc/arm-none-eabi/5.3.1/../../../../arm-none-eabi/lib/armv7-m/libstdc++_nano.a(new_op.o) (std::get_new_handler())
/home/clover/TOOLS/gcc-arm-none-eabi-5_3-2016q1/bin/../lib/gcc/arm-none-eabi/5.3.1/../../../../arm-none-eabi/lib/armv7-m/libm.a(lib_a-s_atan.o)
                              ./src/MPU6050DMP/MPU6050.o (atan)
/home/clover/TOOLS/gcc-arm-none-eabi-5_3-2016q1/bin/../lib/gcc/arm-none-eabi/5.3.1/../../../../arm-none-eabi/lib/armv7-m/libm.a(lib_a-s_fabs.o)
                              /home/clover/TOOLS/gcc-arm-none-eabi-5_3-2016q1/bin/../lib/gcc/arm-none-eabi/5.3.1/../../../../arm-none-eabi/lib/armv7-m/libm.a(lib_a-s_atan.o) (fabs)
/home/clover/TOOLS/gcc-arm-none-eabi-5_3-2016q1/bin/../lib/gcc/arm-none-eabi/5.3.1/../../../../arm-none-eabi/lib/armv7-m/libm.a(lib_a-w_asin.o)
                              ./src/MPU6050DMP/MPU6050.o (asin)
/home/clover/TOOLS/gcc-arm-none-eabi-5_3-2016q1/bin/../lib/gcc/arm-none-eabi/5.3.1/../../../../arm-none-eabi/lib/armv7-m/libm.a(lib_a-w_atan2.o)
                              ./src/MPU6050DMP/MPU6050.o (atan2)
/home/clover/TOOLS/gcc-arm-none-eabi-5_3-2016q1/bin/../lib/gcc/arm-none-eabi/5.3.1/../../../../arm-none-eabi/lib/armv7-m/libm.a(lib_a-w_pow.o)
                              ./src/CLRMPU9250.o (pow)
/home/clover/TOOLS/gcc-arm-none-eabi-5_3-2016q1/bin/../lib/gcc/arm-none-eabi/5.3.1/../../../../arm-none-eabi/lib/armv7-m/libm.a(lib_a-w_sqrt.o)
                              ./src/MPU6050DMP/MPU6050.o (sqrt)
/home/clover/TOOLS/gcc-arm-none-eabi-5_3-2016q1/bin/../lib/gcc/arm-none-eabi/5.3.1/../../../../arm-none-eabi/lib/armv7-m/libm.a(lib_a-e_asin.o)
                              /home/clover/TOOLS/gcc-arm-none-eabi-5_3-2016q1/bin/../lib/gcc/arm-none-eabi/5.3.1/../../../../arm-none-eabi/lib/armv7-m/libm.a(lib_a-w_asin.o) (__ieee754_asin)
/home/clover/TOOLS/gcc-arm-none-eabi-5_3-2016q1/bin/../lib/gcc/arm-none-eabi/5.3.1/../../../../arm-none-eabi/lib/armv7-m/libm.a(lib_a-e_atan2.o)
                              /home/clover/TOOLS/gcc-arm-none-eabi-5_3-2016q1/bin/../lib/gcc/arm-none-eabi/5.3.1/../../../../arm-none-eabi/lib/armv7-m/libm.a(lib_a-w_atan2.o) (__ieee754_atan2)
/home/clover/TOOLS/gcc-arm-none-eabi-5_3-2016q1/bin/../lib/gcc/arm-none-eabi/5.3.1/../../../../arm-none-eabi/lib/armv7-m/libm.a(lib_a-e_pow.o)
                              /home/clover/TOOLS/gcc-arm-none-eabi-5_3-2016q1/bin/../lib/gcc/arm-none-eabi/5.3.1/../../../../arm-none-eabi/lib/armv7-m/libm.a(lib_a-w_pow.o) (__ieee754_pow)
/home/clover/TOOLS/gcc-arm-none-eabi-5_3-2016q1/bin/../lib/gcc/arm-none-eabi/5.3.1/../../../../arm-none-eabi/lib/armv7-m/libm.a(lib_a-e_sqrt.o)
                              /home/clover/TOOLS/gcc-arm-none-eabi-5_3-2016q1/bin/../lib/gcc/arm-none-eabi/5.3.1/../../../../arm-none-eabi/lib/armv7-m/libm.a(lib_a-w_sqrt.o) (__ieee754_sqrt)
/home/clover/TOOLS/gcc-arm-none-eabi-5_3-2016q1/bin/../lib/gcc/arm-none-eabi/5.3.1/../../../../arm-none-eabi/lib/armv7-m/libm.a(lib_a-s_finite.o)
                              /home/clover/TOOLS/gcc-arm-none-eabi-5_3-2016q1/bin/../lib/gcc/arm-none-eabi/5.3.1/../../../../arm-none-eabi/lib/armv7-m/libm.a(lib_a-w_pow.o) (finite)
/home/clover/TOOLS/gcc-arm-none-eabi-5_3-2016q1/bin/../lib/gcc/arm-none-eabi/5.3.1/../../../../arm-none-eabi/lib/armv7-m/libm.a(lib_a-s_lib_ver.o)
                              /home/clover/TOOLS/gcc-arm-none-eabi-5_3-2016q1/bin/../lib/gcc/arm-none-eabi/5.3.1/../../../../arm-none-eabi/lib/armv7-m/libm.a(lib_a-w_asin.o) (__fdlib_version)
/home/clover/TOOLS/gcc-arm-none-eabi-5_3-2016q1/bin/../lib/gcc/arm-none-eabi/5.3.1/../../../../arm-none-eabi/lib/armv7-m/libm.a(lib_a-s_matherr.o)
                              /home/clover/TOOLS/gcc-arm-none-eabi-5_3-2016q1/bin/../lib/gcc/arm-none-eabi/5.3.1/../../../../arm-none-eabi/lib/armv7-m/libm.a(lib_a-w_asin.o) (matherr)
/home/clover/TOOLS/gcc-arm-none-eabi-5_3-2016q1/bin/../lib/gcc/arm-none-eabi/5.3.1/../../../../arm-none-eabi/lib/armv7-m/libm.a(lib_a-s_nan.o)
                              /home/clover/TOOLS/gcc-arm-none-eabi-5_3-2016q1/bin/../lib/gcc/arm-none-eabi/5.3.1/../../../../arm-none-eabi/lib/armv7-m/libm.a(lib_a-w_asin.o) (nan)
[...]
Memory Configuration

Name             Origin             Length             Attributes
RAM              0x20000000         0x00005000         xrw
CCMRAM           0x00000000         0x00000000         xrw
FLASH            0x08000000         0x00020000         xr
FLASHB1          0x00000000         0x00000000         xr
EXTMEMB0         0x00000000         0x00000000         xr
EXTMEMB1         0x00000000         0x00000000         xr
EXTMEMB2         0x00000000         0x00000000         xr
EXTMEMB3         0x00000000         0x00000000         xr
MEMORY_ARRAY     0x00000000         0x00000000         xrw
*default*        0x00000000         0xffffffff

Linker script and memory map

LOAD ./system/src/stm32f1-stdperiph/misc.o
LOAD ./system/src/stm32f1-stdperiph/stm32f10x_adc.o
LOAD ./system/src/stm32f1-stdperiph/stm32f10x_bkp.o
LOAD ./system/src/stm32f1-stdperiph/stm32f10x_can.o
LOAD ./system/src/stm32f1-stdperiph/stm32f10x_cec.o
LOAD ./system/src/stm32f1-stdperiph/stm32f10x_crc.o
LOAD ./system/src/stm32f1-stdperiph/stm32f10x_dac.o
LOAD ./system/src/stm32f1-stdperiph/stm32f10x_dbgmcu.o
LOAD ./system/src/stm32f1-stdperiph/stm32f10x_dma.o
LOAD ./system/src/stm32f1-stdperiph/stm32f10x_exti.o
LOAD ./system/src/stm32f1-stdperiph/stm32f10x_flash.o
LOAD ./system/src/stm32f1-stdperiph/stm32f10x_fsmc.o
LOAD ./system/src/stm32f1-stdperiph/stm32f10x_gpio.o
LOAD ./system/src/stm32f1-stdperiph/stm32f10x_i2c.o
LOAD ./system/src/stm32f1-stdperiph/stm32f10x_iwdg.o
LOAD ./system/src/stm32f1-stdperiph/stm32f10x_pwr.o
LOAD ./system/src/stm32f1-stdperiph/stm32f10x_rcc.o
LOAD ./system/src/stm32f1-stdperiph/stm32f10x_rtc.o
LOAD ./system/src/stm32f1-stdperiph/stm32f10x_sdio.o
LOAD ./system/src/stm32f1-stdperiph/stm32f10x_spi.o
LOAD ./system/src/stm32f1-stdperiph/stm32f10x_tim.o
LOAD ./system/src/stm32f1-stdperiph/stm32f10x_usart.o
LOAD ./system/src/stm32f1-stdperiph/stm32f10x_wwdg.o
LOAD ./system/src/newlib/_cxx.o
LOAD ./system/src/newlib/_exit.o
LOAD ./system/src/newlib/_sbrk.o
LOAD ./system/src/newlib/_startup.o
LOAD ./system/src/newlib/_syscalls.o
LOAD ./system/src/newlib/assert.o
LOAD ./system/src/diag/Trace.o
LOAD ./system/src/diag/trace_impl.o
LOAD ./system/src/cortexm/_initialize_hardware.o
LOAD ./system/src/cortexm/_reset_hardware.o
LOAD ./system/src/cortexm/exception_handlers.o
LOAD ./system/src/cmsis/system_stm32f10x.o
LOAD ./system/src/cmsis/vectors_stm32f10x.o
LOAD ./src/i2c/CLRI2C.o
LOAD ./src/i2c/CLRI2CInterface.o
LOAD ./src/i2c/i2c.o
LOAD ./src/i2c/i2c_ee.o
LOAD ./src/common/delay/delay.o
LOAD ./src/TSM12/CLRTouchpad.o
LOAD ./src/TIMER/timer.o
LOAD ./src/RTC/rtc.o
LOAD ./src/PWMOut/CLRPWMCtrl.o
LOAD ./src/MPU6050DMP/CLRMPU6050DMP.o
LOAD ./src/MPU6050DMP/MPU6050.o
LOAD ./src/LED/led.o
LOAD ./src/IRTracking/CLRIRLed.o
LOAD ./src/EEPROM/CLREEPRom.o
LOAD ./src/Debug/CLRDebug.o
LOAD ./src/Button/IFVRCtrlerButton.o
LOAD ./src/ADC/CLRADC.o
LOAD ./src/BlinkLed.o
LOAD ./src/CLRCppTest.o
LOAD ./src/CLRMPU9250.o
LOAD ./src/IFVRCtrlerSys.o
LOAD ./src/Timer.o
LOAD ./src/_write.o
LOAD ./src/bluetooth.o
LOAD ./src/dma.o
LOAD ./src/main.o
LOAD ./src/stm32f10x_it.o
LOAD ./src/usart.o
LOAD /home/clover/TOOLS/gcc-arm-none-eabi-5_3-2016q1/bin/../lib/gcc/arm-none-eabi/5.3.1/../../../../arm-none-eabi/lib/armv7-m/libstdc++_nano.a
LOAD /home/clover/TOOLS/gcc-arm-none-eabi-5_3-2016q1/bin/../lib/gcc/arm-none-eabi/5.3.1/../../../../arm-none-eabi/lib/armv7-m/libm.a
START GROUP
LOAD /home/clover/TOOLS/gcc-arm-none-eabi-5_3-2016q1/bin/../lib/gcc/arm-none-eabi/5.3.1/armv7-m/libgcc.a
LOAD /home/clover/TOOLS/gcc-arm-none-eabi-5_3-2016q1/bin/../lib/gcc/arm-none-eabi/5.3.1/../../../../arm-none-eabi/lib/armv7-m/libg_nano.a
LOAD /home/clover/TOOLS/gcc-arm-none-eabi-5_3-2016q1/bin/../lib/gcc/arm-none-eabi/5.3.1/../../../../arm-none-eabi/lib/armv7-m/libc_nano.a
END GROUP
START GROUP
LOAD /home/clover/TOOLS/gcc-arm-none-eabi-5_3-2016q1/bin/../lib/gcc/arm-none-eabi/5.3.1/armv7-m/libgcc.a
LOAD /home/clover/TOOLS/gcc-arm-none-eabi-5_3-2016q1/bin/../lib/gcc/arm-none-eabi/5.3.1/../../../../arm-none-eabi/lib/armv7-m/libc_nano.a
END GROUP
                0x20005000                __stack = (ORIGIN (RAM) + LENGTH (RAM))
                0x20005000                _estack = __stack
                0x00000400                __Main_Stack_Size = 0x400
                [!provide]                PROVIDE (_Main_Stack_Size, __Main_Stack_Size)
                0x20004c00                __Main_Stack_Limit = (__stack - __Main_Stack_Size)
                [!provide]                PROVIDE (_Main_Stack_Limit, __Main_Stack_Limit)
                0x00000100                _Minimum_Stack_Size = 0x100
                0x2000029c                PROVIDE (_Heap_Begin, _end_noinit)
                0x20004c00                PROVIDE (_Heap_Limit, (__stack - __Main_Stack_Size))

.isr_vector     0x08000000      0x354
 FILL mask 0xff
                0x08000000                __vectors_start = ABSOLUTE (.)
                0x08000000                __vectors_start__ = ABSOLUTE (.)
 *(.isr_vector)
 .isr_vector    0x08000000      0x10c ./system/src/cmsis/vectors_stm32f10x.o
                0x08000000                __isr_vectors
 *(.cfmconfig)
 *(.after_vectors .after_vectors.*)
 .after_vectors
                0x0800010c      0x114 ./system/src/newlib/_startup.o
                0x0800010c                _start
 .after_vectors
                0x08000220      0x130 ./system/src/cortexm/exception_handlers.o
                0x08000220                Reset_Handler
                0x08000240                HardFault_Handler_C
                0x080002b8                BusFault_Handler_C
                0x08000300                UsageFault_Handler_C
 .after_vectors
                0x08000350        0x4 ./system/src/cmsis/vectors_stm32f10x.o
                0x08000350                EXTI2_IRQHandler
                0x08000350                TIM8_TRG_COM_IRQHandler
                0x08000350                TIM8_CC_IRQHandler
                0x08000350                TIM1_CC_IRQHandler
                0x08000350                TIM6_IRQHandler
                0x08000350                PVD_IRQHandler
                0x08000350                SDIO_IRQHandler
                0x08000350                CAN2_RX1_IRQHandler
                0x08000350                EXTI3_IRQHandler
                0x08000350                TIM8_TRG_COM_TIM14_IRQHandler
                0x08000350                TIM1_UP_TIM10_IRQHandler
                0x08000350                TIM8_UP_TIM13_IRQHandler
                0x08000350                I2C2_EV_IRQHandler
                0x08000350                CAN1_RX0_IRQHandler
                0x08000350                TIM1_UP_TIM16_IRQHandler
                0x08000350                CAN2_SCE_IRQHandler
                0x08000350                ADC1_2_IRQHandler
                0x08000350                SPI1_IRQHandler
                0x08000350                TAMPER_IRQHandler
                0x08000350                TIM6_DAC_IRQHandler
                0x08000350                TIM1_BRK_TIM9_IRQHandler
                0x08000350                CAN2_RX0_IRQHandler
                0x08000350                TIM8_UP_IRQHandler
                0x08000350                DMA2_Channel2_IRQHandler
                0x08000350                DMA1_Channel4_IRQHandler
                0x08000350                RTC_IRQHandler
                0x08000350                DMA1_Channel7_IRQHandler
                0x08000350                CAN1_RX1_IRQHandler
                0x08000350                UART5_IRQHandler
                0x08000350                ADC3_IRQHandler
                0x08000350                TIM4_IRQHandler
                0x08000350                DMA2_Channel1_IRQHandler
                0x08000350                I2C1_EV_IRQHandler
                0x08000350                DMA1_Channel6_IRQHandler
                0x08000350                UART4_IRQHandler
                0x08000350                DMA2_Channel4_IRQHandler
                0x08000350                RCC_IRQHandler
                0x08000350                TIM8_BRK_TIM12_IRQHandler
                0x08000350                TIM1_TRG_COM_IRQHandler
                0x08000350                DMA1_Channel1_IRQHandler
                0x08000350                Default_Handler
                0x08000350                CEC_IRQHandler
                0x08000350                TIM14_IRQHandler
                0x08000350                TIM13_IRQHandler
                0x08000350                TIM12_IRQHandler
                0x08000350                TIM7_IRQHandler
                0x08000350                CAN2_TX_IRQHandler
                0x08000350                TIM5_IRQHandler
                0x08000350                EXTI9_5_IRQHandler
                0x08000350                ETH_WKUP_IRQHandler
                0x08000350                SPI2_IRQHandler
                0x08000350                CAN1_TX_IRQHandler
                0x08000350                DMA2_Channel5_IRQHandler
                0x08000350                DMA1_Channel5_IRQHandler
                0x08000350                EXTI4_IRQHandler
                0x08000350                USB_LP_CAN1_RX0_IRQHandler
                0x08000350                TIM1_TRG_COM_TIM17_IRQHandler
                0x08000350                USB_HP_CAN1_TX_IRQHandler
                0x08000350                DMA1_Channel3_IRQHandler
                0x08000350                FSMC_IRQHandler
                0x08000350                ETH_IRQHandler
                0x08000350                TIM1_UP_IRQHandler
                0x08000350                WWDG_IRQHandler
                0x08000350                OTG_FS_WKUP_IRQHandler
                0x08000350                TIM1_TRG_COM_TIM11_IRQHandler
                0x08000350                TIM1_BRK_IRQHandler
                0x08000350                RTCAlarm_IRQHandler
                0x08000350                DMA2_Channel4_5_IRQHandler
                0x08000350                I2C2_ER_IRQHandler
                0x08000350                DMA1_Channel2_IRQHandler
                0x08000350                TIM8_BRK_IRQHandler
                0x08000350                CAN1_SCE_IRQHandler
                0x08000350                FLASH_IRQHandler
                0x08000350                OTG_FS_IRQHandler
                0x08000350                SPI3_IRQHandler
                0x08000350                I2C1_ER_IRQHandler
                0x08000350                USBWakeUp_IRQHandler
                0x08000350                DMA2_Channel3_IRQHandler
                0x08000350                TIM1_BRK_TIM15_IRQHandler

.inits          0x08000354       0x2c
                0x08000354                __data_regions_array_start = .
                0x08000354        0x4 LONG 0x8003b54 LOADADDR (.data)
                0x08000358        0x4 LONG 0x20000000 ADDR (.data)
                0x0800035c        0x4 LONG 0x200000f8 (ADDR (.data) + SIZEOF (.data))
                0x08000360        0x4 LONG 0x8003b54 LOADADDR (.data_CCMRAM)
                0x08000364        0x4 LONG 0x0 ADDR (.data_CCMRAM)
                0x08000368        0x4 LONG 0x0 (ADDR (.data_CCMRAM) + SIZEOF (.data_CCMRAM))
                0x0800036c                __data_regions_array_end = .
                0x0800036c                __bss_regions_array_start = .
                0x0800036c        0x4 LONG 0x200000f8 ADDR (.bss)
                0x08000370        0x4 LONG 0x2000029c (ADDR (.bss) + SIZEOF (.bss))
                0x08000374        0x4 LONG 0x0 ADDR (.bss_CCMRAM)
                0x08000378        0x4 LONG 0x0 (ADDR (.bss_CCMRAM) + SIZEOF (.bss_CCMRAM))
                0x0800037c                __bss_regions_array_end = .
 *(.init)
 *(.fini)
                0x0800037c                . = ALIGN (0x4)
                0x0800037c                PROVIDE (__preinit_array_start, .)
 *(.preinit_array_sysinit .preinit_array_sysinit.*)
 *(.preinit_array_platform .preinit_array_platform.*)
 *(.preinit_array .preinit_array.*)
                0x0800037c                PROVIDE (__preinit_array_end, .)
                0x0800037c                . = ALIGN (0x4)
                0x0800037c                PROVIDE (__init_array_start, .)
 *(SORT(.init_array.*))
 *(.init_array)
 .init_array    0x0800037c        0x4 ./src/CLRMPU9250.o
                0x08000380                PROVIDE (__init_array_end, .)
                0x08000380                . = ALIGN (0x4)
                0x08000380                PROVIDE (__fini_array_start, .)
 *(SORT(.fini_array.*))
 *(.fini_array)
                0x08000380                PROVIDE (__fini_array_end, .)

.flashtext
 *(.flashtext .flashtext.*)

.text           0x08000380     0x37d1
 *(.text .text.*)
 .text.NVIC_PriorityGroupConfig
                0x08000380       0x40 ./system/src/stm32f1-stdperiph/misc.o
                0x08000380                NVIC_PriorityGroupConfig
 .text.NVIC_Init
                0x080003c0       0x98 ./system/src/stm32f1-stdperiph/misc.o
                0x080003c0                NVIC_Init
 .text.SysTick_CLKSourceConfig
                0x08000458       0x3c ./system/src/stm32f1-stdperiph/misc.o
                0x08000458                SysTick_CLKSourceConfig
 .text.EXTI_Init
                0x08000494       0xd8 ./system/src/stm32f1-stdperiph/stm32f10x_exti.o
                0x08000494                EXTI_Init
 .text.EXTI_GetITStatus
                0x0800056c       0x94 ./system/src/stm32f1-stdperiph/stm32f10x_exti.o
                0x0800056c                EXTI_GetITStatus
 .text.EXTI_ClearITPendingBit
                0x08000600       0x24 ./system/src/stm32f1-stdperiph/stm32f10x_exti.o
                0x08000600                EXTI_ClearITPendingBit
 .text.GPIO_Init
                0x08000624      0x128 ./system/src/stm32f1-stdperiph/stm32f10x_gpio.o
                0x08000624                GPIO_Init
 .text.GPIO_StructInit
                0x0800074c       0x10 ./system/src/stm32f1-stdperiph/stm32f10x_gpio.o
                0x0800074c                GPIO_StructInit
 .text.GPIO_SetBits
                0x0800075c       0x60 ./system/src/stm32f1-stdperiph/stm32f10x_gpio.o
                0x0800075c                GPIO_SetBits
 .text.GPIO_ResetBits
                0x080007bc       0x60 ./system/src/stm32f1-stdperiph/stm32f10x_gpio.o
                0x080007bc                GPIO_ResetBits
 .text.GPIO_EXTILineConfig
                0x0800081c       0x58 ./system/src/stm32f1-stdperiph/stm32f10x_gpio.o
                0x0800081c                GPIO_EXTILineConfig
 .text.RCC_APB2PeriphClockCmd
                0x08000874       0x4c ./system/src/stm32f1-stdperiph/stm32f10x_rcc.o
                0x08000874                RCC_APB2PeriphClockCmd
 .text.TIM_OC1PolarityConfig
                0x080008c0       0xac ./system/src/stm32f1-stdperiph/stm32f10x_tim.o
                0x080008c0                TIM_OC1PolarityConfig
 .text.TIM_GetCapture1
                0x0800096c       0x90 ./system/src/stm32f1-stdperiph/stm32f10x_tim.o
                0x0800096c                TIM_GetCapture1
 .text.TIM_GetITStatus
                0x080009fc       0xe0 ./system/src/stm32f1-stdperiph/stm32f10x_tim.o
                0x080009fc                TIM_GetITStatus
 .text.TIM_ClearITPendingBit
                0x08000adc       0xb8 ./system/src/stm32f1-stdperiph/stm32f10x_tim.o
                0x08000adc                TIM_ClearITPendingBit
 .text.USART_ReceiveData
                0x08000b94       0x44 ./system/src/stm32f1-stdperiph/stm32f10x_usart.o
                0x08000b94                USART_ReceiveData
 .text.USART_GetITStatus
                0x08000bd8      0x100 ./system/src/stm32f1-stdperiph/stm32f10x_usart.o
                0x08000bd8                USART_GetITStatus
 .text._exit    0x08000cd8        0x4 ./system/src/newlib/_exit.o
                0x08000cd8                _exit
 .text.abort    0x08000cdc       0x14 ./system/src/newlib/_exit.o
                0x08000cdc                abort
 .text._sbrk    0x08000cf0       0x44 ./system/src/newlib/_sbrk.o
                0x08000cf0                _sbrk
 .text.__initialize_args
                0x08000d34       0x10 ./system/src/newlib/_syscalls.o
                0x08000d34                __initialize_args
 .text.assert_failed
                0x08000d44       0x14 ./system/src/newlib/assert.o
                0x08000d44                assert_failed
 .text.trace_printf
                0x08000d58       0x30 ./system/src/diag/Trace.o
                0x08000d58                trace_printf
 .text.trace_puts
                0x08000d88       0x20 ./system/src/diag/Trace.o
                0x08000d88                trace_puts
 .text._trace_write_semihosting_debug
                0x08000da8       0x64 ./system/src/diag/trace_impl.o
 .text.trace_write
                0x08000e0c        0x8 ./system/src/diag/trace_impl.o
                0x08000e0c                trace_write
 .text.__initialize_hardware_early
                0x08000e14       0x18 ./system/src/cortexm/_initialize_hardware.o
                0x08000e14                __initialize_hardware_early
 .text.__initialize_hardware
                0x08000e2c        0x8 ./system/src/cortexm/_initialize_hardware.o
                0x08000e2c                __initialize_hardware
 .text.dumpExceptionStack
                0x08000e34       0xf0 ./system/src/cortexm/exception_handlers.o
                0x08000e34                dumpExceptionStack
 .text.isSemihosting
                0x08000f24       0x20 ./system/src/cortexm/exception_handlers.o
                0x08000f24                isSemihosting
 .text.SetSysClockTo72
                0x08000f44       0xc4 ./system/src/cmsis/system_stm32f10x.o
 .text.SetSysClock
                0x08001008        0x8 ./system/src/cmsis/system_stm32f10x.o
 .text.SystemInit
                0x08001010       0x50 ./system/src/cmsis/system_stm32f10x.o
                0x08001010                SystemInit
 .text.SystemCoreClockUpdate
                0x08001060       0x94 ./system/src/cmsis/system_stm32f10x.o
                0x08001060                SystemCoreClockUpdate
 .text._ZN15CLRI2CInterfaceD2Ev
                0x080010f4        0xc ./src/i2c/CLRI2CInterface.o
                0x080010f4                CLRI2CInterface::~CLRI2CInterface()
                0x080010f4                CLRI2CInterface::~CLRI2CInterface()
 .text._ZN15CLRI2CInterfaceD0Ev
                0x08001100       0x14 ./src/i2c/CLRI2CInterface.o
                0x08001100                CLRI2CInterface::~CLRI2CInterface()
 .text._ZN15CLRI2CInterfaceC2Et
                0x08001114       0x18 ./src/i2c/CLRI2CInterface.o
                0x08001114                CLRI2CInterface::CLRI2CInterface(unsigned short)
                0x08001114                CLRI2CInterface::CLRI2CInterface(unsigned short)
 .text._ZN15CLRI2CInterface5writeEhhPhic
                0x0800112c       0x34 ./src/i2c/CLRI2CInterface.o
                0x0800112c                CLRI2CInterface::write(unsigned char, unsigned char, unsigned char*, int, char)
 .text._ZN15CLRI2CInterface9writeByteEhhh
                0x08001160       0x1c ./src/i2c/CLRI2CInterface.o
                0x08001160                CLRI2CInterface::writeByte(unsigned char, unsigned char, unsigned char)
 .text._ZN15CLRI2CInterface4readEhhPhic
                0x0800117c       0x3c ./src/i2c/CLRI2CInterface.o
                0x0800117c                CLRI2CInterface::read(unsigned char, unsigned char, unsigned char*, int, char)
 .text._ZN15CLRI2CInterface8readByteEhhPh
                0x080011b8       0x14 ./src/i2c/CLRI2CInterface.o
                0x080011b8                CLRI2CInterface::readByte(unsigned char, unsigned char, unsigned char*)
 .text.I2C_Start
                0x080011cc       0x58 ./src/i2c/i2c.o
                0x080011cc                I2C_Start
 .text.I2C_Stop
                0x08001224       0x50 ./src/i2c/i2c.o
                0x08001224                I2C_Stop
 .text.I2C_Wait_ACK
                0x08001274       0x68 ./src/i2c/i2c.o
                0x08001274                I2C_Wait_ACK
 .text.I2C_ACK  0x080012dc       0x58 ./src/i2c/i2c.o
                0x080012dc                I2C_ACK
 .text.I2C_NACK
                0x08001334       0x58 ./src/i2c/i2c.o
                0x08001334                I2C_NACK
 .text.I2C_Send_Byte
                0x0800138c       0x8c ./src/i2c/i2c.o
                0x0800138c                I2C_Send_Byte
 .text.I2C_Read_Byte
                0x08001418       0x7c ./src/i2c/i2c.o
                0x08001418                I2C_Read_Byte
 .text.I2C_SetSpeed
                0x08001494       0x2c ./src/i2c/i2c.o
                0x08001494                I2C_SetSpeed
 .text.I2C_Soft_Init
                0x080014c0       0x50 ./src/i2c/i2c.o
                0x080014c0                I2C_Soft_Init
 .text.I2C_WriteBurst
                0x08001510       0x50 ./src/i2c/i2c.o
                0x08001510                I2C_WriteBurst
 .text.I2C_ReadBurst
                0x08001560       0x68 ./src/i2c/i2c.o
                0x08001560                I2C_ReadBurst
 .text.Delay_Init
                0x080015c8        0xc ./src/common/delay/delay.o
                0x080015c8                Delay_Init
 .text.delay_ms
                0x080015d4       0x4c ./src/common/delay/delay.o
                0x080015d4                delay_ms
 .text._ZN11CLRTouchpadD2Ev
                0x08001620       0x1c ./src/TSM12/CLRTouchpad.o
                0x08001620                CLRTouchpad::~CLRTouchpad()
                0x08001620                CLRTouchpad::~CLRTouchpad()
 .text._ZN11CLRTouchpadD0Ev
                0x0800163c       0x14 ./src/TSM12/CLRTouchpad.o
                0x0800163c                CLRTouchpad::~CLRTouchpad()
 .text._ZN11CLRTouchpad17touchpad_pio_initEv
                0x08001650       0xd4 ./src/TSM12/CLRTouchpad.o
                0x08001650                CLRTouchpad::touchpad_pio_init()
 .text._ZN11CLRTouchpad14touchpad_setupEv
                0x08001724       0xbc ./src/TSM12/CLRTouchpad.o
                0x08001724                CLRTouchpad::touchpad_setup()
 .text._ZN11CLRTouchpadC2Ev
                0x080017e0       0x4c ./src/TSM12/CLRTouchpad.o
                0x080017e0                CLRTouchpad::CLRTouchpad()
                0x080017e0                CLRTouchpad::CLRTouchpad()
 .text._ZN11CLRTouchpad18get_coordinate_numEPh
                0x0800182c       0x2c ./src/TSM12/CLRTouchpad.o
                0x0800182c                CLRTouchpad::get_coordinate_num(unsigned char*)
 .text._ZN11CLRTouchpad23mat_data_to_coordinatesEPh
                0x08001858       0x94 ./src/TSM12/CLRTouchpad.o
                0x08001858                CLRTouchpad::mat_data_to_coordinates(unsigned char*)
 .text._ZN11CLRTouchpad8run_loopEv
                0x080018ec      0x108 ./src/TSM12/CLRTouchpad.o
                0x080018ec                CLRTouchpad::run_loop()
 .text.blink_led_init
                0x080019f4       0x38 ./src/BlinkLed.o
                0x080019f4                blink_led_init
 .text._Z41__static_initialization_and_destruction_0ii
                0x08001a2c       0x98 ./src/CLRMPU9250.o
 .text._GLOBAL__sub_I_delay
                0x08001ac4       0x10 ./src/CLRMPU9250.o
 .text._Z17RCC_Configurationv
                0x08001ad4        0x8 ./src/IFVRCtrlerSys.o
                0x08001ad4                RCC_Configuration()
 .text._Z11initAllPinsv
                0x08001adc       0x64 ./src/IFVRCtrlerSys.o
                0x08001adc                initAllPins()
 .text._Z14IFVRCtrlerInitv
                0x08001b40        0xc ./src/IFVRCtrlerSys.o
                0x08001b40                IFVRCtrlerInit()
 .text._Z13ExitSleepModev
                0x08001b4c       0x10 ./src/IFVRCtrlerSys.o
                0x08001b4c                ExitSleepMode()
 .text.timer_tick
                0x08001b5c       0x14 ./src/Timer.o
                0x08001b5c                timer_tick
 .text.SysTick_Handler
                0x08001b70        0x8 ./src/Timer.o
                0x08001b70                SysTick_Handler
 .text.EXTI15_10_IRQHandler
                0x08001b78       0x20 ./src/main.o
                0x08001b78                EXTI15_10_IRQHandler
 .text.EXTI0_IRQHandler
                0x08001b98       0x20 ./src/main.o
                0x08001b98                EXTI0_IRQHandler
 .text.EXTI1_IRQHandler
                0x08001bb8       0x1c ./src/main.o
                0x08001bb8                EXTI1_IRQHandler
 .text.blink_led_prems
                0x08001bd4       0x34 ./src/main.o
                0x08001bd4                blink_led_prems
 .text.main     0x08001c08       0x3c ./src/main.o
                0x08001c08                main
 .text.NMI_Handler
                0x08001c44        0x4 ./src/stm32f10x_it.o
                0x08001c44                NMI_Handler
 .text.HardFault_Handler
                0x08001c48        0x4 ./src/stm32f10x_it.o
                0x08001c48                HardFault_Handler
 .text.MemManage_Handler
                0x08001c4c        0x4 ./src/stm32f10x_it.o
                0x08001c4c                MemManage_Handler
 .text.BusFault_Handler
                0x08001c50        0x4 ./src/stm32f10x_it.o
                0x08001c50                BusFault_Handler
 .text.UsageFault_Handler
                0x08001c54        0x4 ./src/stm32f10x_it.o
                0x08001c54                UsageFault_Handler
 .text.SVC_Handler
                0x08001c58        0x4 ./src/stm32f10x_it.o
                0x08001c58                SVC_Handler
 .text.DebugMon_Handler
                0x08001c5c        0x4 ./src/stm32f10x_it.o
                0x08001c5c                DebugMon_Handler
 .text.PendSV_Handler
                0x08001c60        0x4 ./src/stm32f10x_it.o
                0x08001c60                PendSV_Handler
 .text.USART1_IRQHandler
                0x08001c64       0xb8 ./src/stm32f10x_it.o
                0x08001c64                USART1_IRQHandler
 .text.USART2_IRQHandler
                0x08001d1c       0x94 ./src/stm32f10x_it.o
                0x08001d1c                USART2_IRQHandler
 .text.USART3_IRQHandler
                0x08001db0       0x8c ./src/stm32f10x_it.o
                0x08001db0                USART3_IRQHandler
 .text.TIM2_IRQHandler
                0x08001e3c       0xfc ./src/stm32f10x_it.o
                0x08001e3c                TIM2_IRQHandler
 .text.TIM3_IRQHandler
                0x08001f38       0x2c ./src/stm32f10x_it.o
                0x08001f38                TIM3_IRQHandler
 .text._ZdlPv   0x08001f64        0x4 /home/clover/TOOLS/gcc-arm-none-eabi-5_3-2016q1/bin/../lib/gcc/arm-none-eabi/5.3.1/../../../../arm-none-eabi/lib/armv7-m/libstdc++_nano.a(del_op.o)
                0x08001f64                operator delete(void*)
 .text._Znwj    0x08001f68       0x22 /home/clover/TOOLS/gcc-arm-none-eabi-5_3-2016q1/bin/../lib/gcc/arm-none-eabi/5.3.1/../../../../arm-none-eabi/lib/armv7-m/libstdc++_nano.a(new_op.o)
                0x08001f68                operator new(unsigned int)
 *fill*         0x08001f8a        0x2 
 .text._ZSt15get_new_handlerv
                0x08001f8c       0x10 /home/clover/TOOLS/gcc-arm-none-eabi-5_3-2016q1/bin/../lib/gcc/arm-none-eabi/5.3.1/../../../../arm-none-eabi/lib/armv7-m/libstdc++_nano.a(new_handler.o)
                0x08001f8c                std::get_new_handler()
 .text.sqrt     0x08001f9c       0xb8 /home/clover/TOOLS/gcc-arm-none-eabi-5_3-2016q1/bin/../lib/gcc/arm-none-eabi/5.3.1/../../../../arm-none-eabi/lib/armv7-m/libm.a(lib_a-w_sqrt.o)
                0x08001f9c                sqrt
 .text.__ieee754_sqrt
                0x08002054      0x188 /home/clover/TOOLS/gcc-arm-none-eabi-5_3-2016q1/bin/../lib/gcc/arm-none-eabi/5.3.1/../../../../arm-none-eabi/lib/armv7-m/libm.a(lib_a-e_sqrt.o)
                0x08002054                __ieee754_sqrt
 .text.matherr  0x080021dc        0x4 /home/clover/TOOLS/gcc-arm-none-eabi-5_3-2016q1/bin/../lib/gcc/arm-none-eabi/5.3.1/../../../../arm-none-eabi/lib/armv7-m/libm.a(lib_a-s_matherr.o)
                0x080021dc                matherr
 .text          0x080021e0      0x370 /home/clover/TOOLS/gcc-arm-none-eabi-5_3-2016q1/bin/../lib/gcc/arm-none-eabi/5.3.1/armv7-m/libgcc.a(_arm_addsubdf3.o)
                0x080021e0                __aeabi_drsub
                0x080021e8                __aeabi_dsub
                0x080021e8                __subdf3
                0x080021ec                __adddf3
                0x080021ec                __aeabi_dadd
                0x08002464                __aeabi_ui2d
                0x08002464                __floatunsidf
                0x08002484                __floatsidf
                0x08002484                __aeabi_i2d
                0x080024a8                __extendsfdf2
                0x080024a8                __aeabi_f2d
                0x080024e4                __aeabi_ul2d
                0x080024e4                __floatundidf
                0x080024f4                __floatdidf
                0x080024f4                __aeabi_l2d
 .text          0x08002550      0x424 /home/clover/TOOLS/gcc-arm-none-eabi-5_3-2016q1/bin/../lib/gcc/arm-none-eabi/5.3.1/armv7-m/libgcc.a(_arm_muldivdf3.o)
                0x08002550                __aeabi_dmul
                0x08002550                __muldf3
                0x080027a4                __aeabi_ddiv
                0x080027a4                __divdf3
 .text          0x08002974      0x110 /home/clover/TOOLS/gcc-arm-none-eabi-5_3-2016q1/bin/../lib/gcc/arm-none-eabi/5.3.1/armv7-m/libgcc.a(_arm_cmpdf2.o)
                0x08002974                __gtdf2
                0x08002974                __gedf2
                0x0800297c                __ltdf2
                0x0800297c                __ledf2
                0x08002984                __cmpdf2
                0x08002984                __eqdf2
                0x08002984                __nedf2
                0x08002a00                __aeabi_cdrcmple
                0x08002a10                __aeabi_cdcmple
                0x08002a10                __aeabi_cdcmpeq
                0x08002a20                __aeabi_dcmpeq
                0x08002a34                __aeabi_dcmplt
                0x08002a48                __aeabi_dcmple
                0x08002a5c                __aeabi_dcmpge
                0x08002a70                __aeabi_dcmpgt
 .text          0x08002a84       0x2c /home/clover/TOOLS/gcc-arm-none-eabi-5_3-2016q1/bin/../lib/gcc/arm-none-eabi/5.3.1/armv7-m/libgcc.a(_arm_unorddf2.o)
                0x08002a84                __aeabi_dcmpun
                0x08002a84                __unorddf2
 .text          0x08002ab0       0xa0 /home/clover/TOOLS/gcc-arm-none-eabi-5_3-2016q1/bin/../lib/gcc/arm-none-eabi/5.3.1/armv7-m/libgcc.a(_arm_truncdfsf2.o)
                0x08002ab0                __aeabi_d2f
                0x08002ab0                __truncdfsf2
 .text          0x08002b50      0x2a0 /home/clover/TOOLS/gcc-arm-none-eabi-5_3-2016q1/bin/../lib/gcc/arm-none-eabi/5.3.1/armv7-m/libgcc.a(_arm_muldivsf3.o)
                0x08002b50                __mulsf3
                0x08002b50                __aeabi_fmul
                0x08002cb8                __divsf3
                0x08002cb8                __aeabi_fdiv
 .text.__errno  0x08002df0        0xc /home/clover/TOOLS/gcc-arm-none-eabi-5_3-2016q1/bin/../lib/gcc/arm-none-eabi/5.3.1/../../../../arm-none-eabi/lib/armv7-m/libg_nano.a(lib_a-errno.o)
                0x08002df0                __errno
 .text.malloc   0x08002dfc       0x10 /home/clover/TOOLS/gcc-arm-none-eabi-5_3-2016q1/bin/../lib/gcc/arm-none-eabi/5.3.1/../../../../arm-none-eabi/lib/armv7-m/libg_nano.a(lib_a-malloc.o)
                0x08002dfc                malloc
 .text.free     0x08002e0c       0x10 /home/clover/TOOLS/gcc-arm-none-eabi-5_3-2016q1/bin/../lib/gcc/arm-none-eabi/5.3.1/../../../../arm-none-eabi/lib/armv7-m/libg_nano.a(lib_a-malloc.o)
                0x08002e0c                free
 .text._free_r  0x08002e1c       0x88 /home/clover/TOOLS/gcc-arm-none-eabi-5_3-2016q1/bin/../lib/gcc/arm-none-eabi/5.3.1/../../../../arm-none-eabi/lib/armv7-m/libg_nano.a(lib_a-nano-freer.o)
                0x08002e1c                _free_r
 .text._malloc_r
                0x08002ea4       0xa8 /home/clover/TOOLS/gcc-arm-none-eabi-5_3-2016q1/bin/../lib/gcc/arm-none-eabi/5.3.1/../../../../arm-none-eabi/lib/armv7-m/libg_nano.a(lib_a-nano-mallocr.o)
                0x08002ea4                _malloc_r
 .text._sbrk_r  0x08002f4c       0x20 /home/clover/TOOLS/gcc-arm-none-eabi-5_3-2016q1/bin/../lib/gcc/arm-none-eabi/5.3.1/../../../../arm-none-eabi/lib/armv7-m/libg_nano.a(lib_a-sbrkr.o)
                0x08002f4c                _sbrk_r
 .text          0x08002f6c       0x10 /home/clover/TOOLS/gcc-arm-none-eabi-5_3-2016q1/bin/../lib/gcc/arm-none-eabi/5.3.1/../../../../arm-none-eabi/lib/armv7-m/libg_nano.a(lib_a-strlen.o)
                0x08002f6c                strlen
 .text._vsnprintf_r
                0x08002f7c       0x56 /home/clover/TOOLS/gcc-arm-none-eabi-5_3-2016q1/bin/../lib/gcc/arm-none-eabi/5.3.1/../../../../arm-none-eabi/lib/armv7-m/libg_nano.a(lib_a-vsnprintf.o)
                0x08002f7c                _vsnprintf_r
                0x08002f7c                _vsniprintf_r
 *fill*         0x08002fd2        0x2 
 .text.vsnprintf
                0x08002fd4       0x1c /home/clover/TOOLS/gcc-arm-none-eabi-5_3-2016q1/bin/../lib/gcc/arm-none-eabi/5.3.1/../../../../arm-none-eabi/lib/armv7-m/libg_nano.a(lib_a-vsnprintf.o)
                0x08002fd4                vsnprintf
                0x08002fd4                vsniprintf
 .text._realloc_r
                0x08002ff0       0x4c /home/clover/TOOLS/gcc-arm-none-eabi-5_3-2016q1/bin/../lib/gcc/arm-none-eabi/5.3.1/../../../../arm-none-eabi/lib/armv7-m/libg_nano.a(lib_a-nano-reallocr.o)
                0x08002ff0                _realloc_r
 .text.__ssputs_r
                0x0800303c       0xb2 /home/clover/TOOLS/gcc-arm-none-eabi-5_3-2016q1/bin/../lib/gcc/arm-none-eabi/5.3.1/../../../../arm-none-eabi/lib/armv7-m/libg_nano.a(lib_a-nano-svfprintf.o)
                0x0800303c                __ssputs_r
 *fill*         0x080030ee        0x2 
 .text._svfprintf_r
                0x080030f0      0x1e8 /home/clover/TOOLS/gcc-arm-none-eabi-5_3-2016q1/bin/../lib/gcc/arm-none-eabi/5.3.1/../../../../arm-none-eabi/lib/armv7-m/libg_nano.a(lib_a-nano-svfprintf.o)
                0x080030f0                _svfprintf_r
                0x080030f0                _svfiprintf_r
 .text._printf_common
                0x080032d8       0xec /home/clover/TOOLS/gcc-arm-none-eabi-5_3-2016q1/bin/../lib/gcc/arm-none-eabi/5.3.1/../../../../arm-none-eabi/lib/armv7-m/libg_nano.a(lib_a-nano-vfprintf_i.o)
                0x080032d8                _printf_common
 .text._printf_i
                0x080033c4      0x24c /home/clover/TOOLS/gcc-arm-none-eabi-5_3-2016q1/bin/../lib/gcc/arm-none-eabi/5.3.1/../../../../arm-none-eabi/lib/armv7-m/libg_nano.a(lib_a-nano-vfprintf_i.o)
                0x080033c4                _printf_i
 .text.memchr   0x08003610       0x1c /home/clover/TOOLS/gcc-arm-none-eabi-5_3-2016q1/bin/../lib/gcc/arm-none-eabi/5.3.1/../../../../arm-none-eabi/lib/armv7-m/libg_nano.a(lib_a-memchr-stub.o)
                0x08003610                memchr
 .text.memcpy   0x0800362c       0x16 /home/clover/TOOLS/gcc-arm-none-eabi-5_3-2016q1/bin/../lib/gcc/arm-none-eabi/5.3.1/../../../../arm-none-eabi/lib/armv7-m/libg_nano.a(lib_a-memcpy-stub.o)
                0x0800362c                memcpy
 .text.memmove  0x08003642       0x36 /home/clover/TOOLS/gcc-arm-none-eabi-5_3-2016q1/bin/../lib/gcc/arm-none-eabi/5.3.1/../../../../arm-none-eabi/lib/armv7-m/libg_nano.a(lib_a-memmove.o)
                0x08003642                memmove
 .text._malloc_usable_size_r
                0x08003678       0x14 /home/clover/TOOLS/gcc-arm-none-eabi-5_3-2016q1/bin/../lib/gcc/arm-none-eabi/5.3.1/../../../../arm-none-eabi/lib/armv7-m/libg_nano.a(lib_a-nano-msizer.o)
                0x08003678                _malloc_usable_size_r
 *(.rodata .rodata.* .constdata .constdata.*)
 .rodata.str1.4
                0x0800368c       0x27 ./system/src/stm32f1-stdperiph/misc.o
 *fill*         0x080036b3        0x1 
 .rodata.str1.4
                0x080036b4       0x31 ./system/src/stm32f1-stdperiph/stm32f10x_exti.o
 *fill*         0x080036e5        0x3 
 .rodata.str1.4
                0x080036e8       0x31 ./system/src/stm32f1-stdperiph/stm32f10x_gpio.o
 *fill*         0x08003719        0x3 
 .rodata.str1.4
                0x0800371c       0x30 ./system/src/stm32f1-stdperiph/stm32f10x_rcc.o
 .rodata.str1.4
                0x0800374c       0x30 ./system/src/stm32f1-stdperiph/stm32f10x_tim.o
 .rodata.str1.4
                0x0800377c       0x32 ./system/src/stm32f1-stdperiph/stm32f10x_usart.o
 *fill*         0x080037ae        0x2 
 .rodata.str1.4
                0x080037b0       0x14 ./system/src/newlib/_exit.o
 .rodata.str1.4
                0x080037c4       0x6b ./system/src/newlib/assert.o
                                 0x6f (size before relaxing)
 *fill*         0x0800382f        0x1 
 .rodata.str1.4
                0x08003830       0x29 ./system/src/diag/Trace.o
                                 0x2d (size before relaxing)
 *fill*         0x08003859        0x3 
 .rodata.str1.4
                0x0800385c      0x146 ./system/src/cortexm/exception_handlers.o
 *fill*         0x080039a2        0x2 
 .rodata._ZTV15CLRI2CInterface
                0x080039a4       0x10 ./src/i2c/CLRI2CInterface.o
                0x080039a4                vtable for CLRI2CInterface
 .rodata.str1.4
                0x080039b4       0x66 ./src/i2c/CLRI2CInterface.o
 *fill*         0x08003a1a        0x2 
 .rodata.str1.4
                0x08003a1c       0x82 ./src/TSM12/CLRTouchpad.o
                                 0x86 (size before relaxing)
 *fill*         0x08003a9e        0x2 
 .rodata._ZTV11CLRTouchpad
                0x08003aa0       0x10 ./src/TSM12/CLRTouchpad.o
                0x08003aa0                vtable for CLRTouchpad
 .rodata.str1.4
                0x08003ab0       0x4e ./src/main.o
 *fill*         0x08003afe        0x2 
 .rodata.str1.4
                0x08003b00       0x14 ./src/stm32f10x_it.o
 .rodata.str1.4
                0x08003b14        0x8 /home/clover/TOOLS/gcc-arm-none-eabi-5_3-2016q1/bin/../lib/gcc/arm-none-eabi/5.3.1/../../../../arm-none-eabi/lib/armv7-m/libm.a(lib_a-w_sqrt.o)
                                  0x5 (size before relaxing)
 .rodata.str1.1
                0x08003b1c        0x2 /home/clover/TOOLS/gcc-arm-none-eabi-5_3-2016q1/bin/../lib/gcc/arm-none-eabi/5.3.1/../../../../arm-none-eabi/lib/armv7-m/libg_nano.a(lib_a-impure.o)
 .rodata.str1.1
                0x08003b1e       0x11 /home/clover/TOOLS/gcc-arm-none-eabi-5_3-2016q1/bin/../lib/gcc/arm-none-eabi/5.3.1/../../../../arm-none-eabi/lib/armv7-m/libg_nano.a(lib_a-nano-svfprintf.o)
 .rodata.str1.1
                0x08003b2f       0x22 /home/clover/TOOLS/gcc-arm-none-eabi-5_3-2016q1/bin/../lib/gcc/arm-none-eabi/5.3.1/../../../../arm-none-eabi/lib/armv7-m/libg_nano.a(lib_a-nano-vfprintf_i.o)
 *(vtable)
 *(.eh_frame*)
 *(.glue_7)
 .glue_7        0x08003b51        0x0 linker stubs
 *(.glue_7t)
 .glue_7t       0x08003b51        0x0 linker stubs

.vfp11_veneer   0x08003b54        0x0
 .vfp11_veneer  0x08003b54        0x0 linker stubs

.v4_bx          0x08003b54        0x0
 .v4_bx         0x08003b54        0x0 linker stubs

.iplt           0x08003b54        0x0
 .iplt          0x08003b54        0x0 ./system/src/stm32f1-stdperiph/misc.o

.rel.dyn        0x08003b54        0x0
 .rel.iplt      0x08003b54        0x0 ./system/src/stm32f1-stdperiph/misc.o

.ARM.extab
 *(.ARM.extab* .gnu.linkonce.armextab.*)
                0x08003b54                . = ALIGN (0x4)
                0x08003b54                __exidx_start = .

.ARM.exidx
 *(.ARM.exidx* .gnu.linkonce.armexidx.*)
                0x08003b54                __exidx_end = .
                0x08003b54                . = ALIGN (0x4)
                0x08003b54                _etext = .
                0x08003b54                __etext = .

.data_CCMRAM    0x00000000        0x0 load address 0x08003b54
 FILL mask 0xff
 *(.data.CCMRAM .data.CCMRAM.*)
                0x00000000                . = ALIGN (0x4)
                0x08003b54                _sidata = LOADADDR (.data)

.data           0x20000000       0xf8 load address 0x08003b54
 FILL mask 0xff
                0x20000000                _sdata = .
                0x20000000                __data_start__ = .
 *(.data_begin .data_begin.*)
 .data_begin    0x20000000        0x4 ./system/src/newlib/_startup.o
 *(.data .data.*)
 .data.argv.4255
                0x20000004        0x8 ./system/src/newlib/_syscalls.o
 .data.AHBPrescTable
                0x2000000c       0x10 ./system/src/cmsis/system_stm32f10x.o
                0x2000000c                AHBPrescTable
 .data.SystemCoreClock
                0x2000001c        0x4 ./system/src/cmsis/system_stm32f10x.o
                0x2000001c                SystemCoreClock
 .data.i2c_speed
                0x20000020        0x4 ./src/i2c/i2c.o
                0x20000020                i2c_speed
 .data.PI       0x20000024        0x4 ./src/CLRMPU9250.o
                0x20000024                PI
 .data._ZZ15blink_led_premsE6led_on
                0x20000028        0x1 ./src/main.o
 *fill*         0x20000029        0x3 ff
 .data.COM2_Info
                0x2000002c       0x1c ./src/usart.o
                0x2000002c                COM2_Info
 .data.COM1_Info
                0x20000048       0x1c ./src/usart.o
                0x20000048                COM1_Info
 .data.COM3_Info
                0x20000064       0x1c ./src/usart.o
                0x20000064                COM3_Info
 .data.COM_INFO
                0x20000080        0xc ./src/usart.o
                0x20000080                COM_INFO
 .data.__fdlib_version
                0x2000008c        0x1 /home/clover/TOOLS/gcc-arm-none-eabi-5_3-2016q1/bin/../lib/gcc/arm-none-eabi/5.3.1/../../../../arm-none-eabi/lib/armv7-m/libm.a(lib_a-s_lib_ver.o)
                0x2000008c                __fdlib_version
 *fill*         0x2000008d        0x3 ff
 .data.impure_data
                0x20000090       0x60 /home/clover/TOOLS/gcc-arm-none-eabi-5_3-2016q1/bin/../lib/gcc/arm-none-eabi/5.3.1/../../../../arm-none-eabi/lib/armv7-m/libg_nano.a(lib_a-impure.o)
 .data._impure_ptr
                0x200000f0        0x4 /home/clover/TOOLS/gcc-arm-none-eabi-5_3-2016q1/bin/../lib/gcc/arm-none-eabi/5.3.1/../../../../arm-none-eabi/lib/armv7-m/libg_nano.a(lib_a-impure.o)
                0x200000f0                _impure_ptr
 *(.data_end .data_end.*)
 .data_end      0x200000f4        0x4 ./system/src/newlib/_startup.o
                0x200000f8                . = ALIGN (0x4)
                0x200000f8                _edata = .
                0x200000f8                __data_end__ = .

.igot.plt       0x200000f8        0x0 load address 0x08003c4c
 .igot.plt      0x200000f8        0x0 ./system/src/stm32f1-stdperiph/misc.o

.bss_CCMRAM     0x00000000        0x0
 *(.bss.CCMRAM .bss.CCMRAM.*)

.bss            0x200000f8      0x1a4
                0x200000f8                __bss_start__ = .
                0x200000f8                _sbss = .
 *(.bss_begin .bss_begin.*)
 .bss_begin     0x200000f8        0x4 ./system/src/newlib/_startup.o
 *(.bss .bss.*)
 .bss.current_heap_end.3946
                0x200000fc        0x4 ./system/src/newlib/_sbrk.o
 .bss.name.4254
                0x20000100        0x1 ./system/src/newlib/_syscalls.o
 *fill*         0x20000101        0x3 
 .bss.buf.5140  0x20000104       0x80 ./system/src/diag/Trace.o
 .bss.status    0x20000184        0x1 ./src/i2c/CLRI2CInterface.o
                0x20000184                status
 *fill*         0x20000185        0x1 
 .bss.CaptureValue1
                0x20000186        0x2 ./src/TIMER/timer.o
                0x20000186                CaptureValue1
 .bss.CaptureValue2
                0x20000188        0x2 ./src/TIMER/timer.o
                0x20000188                CaptureValue2
 .bss.CaptureStatus
                0x2000018a        0x2 ./src/TIMER/timer.o
                0x2000018a                CaptureStatus
 .bss.GyroMeasDrift
                0x2000018c        0x4 ./src/CLRMPU9250.o
                0x2000018c                GyroMeasDrift
 .bss.zeta      0x20000190        0x4 ./src/CLRMPU9250.o
                0x20000190                zeta
 .bss.GyroMeasError
                0x20000194        0x4 ./src/CLRMPU9250.o
                0x20000194                GyroMeasError
 .bss.beta      0x20000198        0x4 ./src/CLRMPU9250.o
                0x20000198                beta
 .bss._ZN12_GLOBAL__N_113__new_handlerE
                0x2000019c        0x4 /home/clover/TOOLS/gcc-arm-none-eabi-5_3-2016q1/bin/../lib/gcc/arm-none-eabi/5.3.1/../../../../arm-none-eabi/lib/armv7-m/libstdc++_nano.a(new_handler.o)
 .bss.__malloc_sbrk_start
                0x200001a0        0x4 /home/clover/TOOLS/gcc-arm-none-eabi-5_3-2016q1/bin/../lib/gcc/arm-none-eabi/5.3.1/../../../../arm-none-eabi/lib/armv7-m/libg_nano.a(lib_a-nano-mallocr.o)
                0x200001a0                __malloc_sbrk_start
 .bss.__malloc_free_list
                0x200001a4        0x4 /home/clover/TOOLS/gcc-arm-none-eabi-5_3-2016q1/bin/../lib/gcc/arm-none-eabi/5.3.1/../../../../arm-none-eabi/lib/armv7-m/libg_nano.a(lib_a-nano-mallocr.o)
                0x200001a4                __malloc_free_list
 *(COMMON)
 COMMON         0x200001a8        0x4 ./system/src/newlib/_syscalls.o
                0x200001a8                errno
 COMMON         0x200001ac        0x4 ./src/Timer.o
                0x200001ac                timer_delayCount
 COMMON         0x200001b0       0xe8 ./src/usart.o
                0x200001b0                COM_RX_BUF
                0x20000230                __stdout
 *(.bss_end .bss_end.*)
 .bss_end       0x20000298        0x4 ./system/src/newlib/_startup.o
                0x2000029c                . = ALIGN (0x4)
                0x2000029c                __bss_end__ = .
                0x2000029c                _ebss = .

.noinit_CCMRAM
 *(.noinit.CCMRAM .noinit.CCMRAM.*)

.noinit         0x2000029c        0x0
                0x2000029c                _noinit = .
 *(.noinit .noinit.*)
                0x2000029c                . = ALIGN (0x4)
                0x2000029c                _end_noinit = .
                [!provide]                PROVIDE (end, _end_noinit)
                [!provide]                PROVIDE (_end, _end_noinit)
                [!provide]                PROVIDE (__end, _end_noinit)
                [!provide]                PROVIDE (__end__, _end_noinit)

._check_stack   0x2000029c      0x100
                0x2000039c                . = (. + _Minimum_Stack_Size)
 *fill*         0x2000029c      0x100 

.b1text
 *(.b1text)
 *(.b1rodata)
 *(.b1rodata.*)

.eb0text
 *(.eb0text)
 *(.eb0rodata)
 *(.eb0rodata.*)

.eb1text
 *(.eb1text)
 *(.eb1rodata)
 *(.eb1rodata.*)

.eb2text
 *(.eb2text)
 *(.eb2rodata)
 *(.eb2rodata.*)

.eb3text
 *(.eb3text)
 *(.eb3rodata)
 *(.eb3rodata.*)

.stab
 *(.stab)

.stabstr
 *(.stabstr)

.stab.excl
 *(.stab.excl)

.stab.exclstr
 *(.stab.exclstr)

.stab.index
 *(.stab.index)

.stab.indexstr
 *(.stab.indexstr)

.comment        0x00000000       0x6e
 *(.comment)
 .comment       0x00000000       0x6e ./system/src/stm32f1-stdperiph/misc.o
                                 0x6f (size before relaxing)
 .comment       0x0000006e       0x6f ./system/src/stm32f1-stdperiph/stm32f10x_exti.o
 .comment       0x0000006e       0x6f ./system/src/stm32f1-stdperiph/stm32f10x_gpio.o
 .comment       0x0000006e       0x6f ./system/src/stm32f1-stdperiph/stm32f10x_rcc.o
 .comment       0x0000006e       0x6f ./system/src/stm32f1-stdperiph/stm32f10x_tim.o
 .comment       0x0000006e       0x6f ./system/src/stm32f1-stdperiph/stm32f10x_usart.o
 .comment       0x0000006e       0x6f ./system/src/newlib/_exit.o
 .comment       0x0000006e       0x6f ./system/src/newlib/_sbrk.o
 .comment       0x0000006e       0x6f ./system/src/newlib/_startup.o
 .comment       0x0000006e       0x6f ./system/src/newlib/_syscalls.o
 .comment       0x0000006e       0x6f ./system/src/newlib/assert.o
 .comment       0x0000006e       0x6f ./system/src/diag/Trace.o
 .comment       0x0000006e       0x6f ./system/src/diag/trace_impl.o
 .comment       0x0000006e       0x6f ./system/src/cortexm/_initialize_hardware.o
 .comment       0x0000006e       0x6f ./system/src/cortexm/exception_handlers.o
 .comment       0x0000006e       0x6f ./system/src/cmsis/system_stm32f10x.o
 .comment       0x0000006e       0x6f ./system/src/cmsis/vectors_stm32f10x.o
 .comment       0x0000006e       0x6f ./src/i2c/CLRI2CInterface.o
 .comment       0x0000006e       0x6f ./src/i2c/i2c.o
 .comment       0x0000006e       0x6f ./src/common/delay/delay.o
 .comment       0x0000006e       0x6f ./src/TSM12/CLRTouchpad.o
 .comment       0x0000006e       0x6f ./src/TIMER/timer.o
 .comment       0x0000006e       0x6f ./src/BlinkLed.o
 .comment       0x0000006e       0x6f ./src/CLRMPU9250.o
 .comment       0x0000006e       0x6f ./src/IFVRCtrlerSys.o
 .comment       0x0000006e       0x6f ./src/Timer.o
 .comment       0x0000006e       0x6f ./src/main.o
 .comment       0x0000006e       0x6f ./src/stm32f10x_it.o
 .comment       0x0000006e       0x6f ./src/usart.o

.ARM.attributes
                0x00000000       0x31
 .ARM.attributes
                0x00000000       0x33 ./system/src/stm32f1-stdperiph/misc.o
 .ARM.attributes
                0x00000033       0x33 ./system/src/stm32f1-stdperiph/stm32f10x_exti.o
 .ARM.attributes
                0x00000066       0x33 ./system/src/stm32f1-stdperiph/stm32f10x_gpio.o
 .ARM.attributes
                0x00000099       0x33 ./system/src/stm32f1-stdperiph/stm32f10x_rcc.o
 .ARM.attributes
                0x000000cc       0x33 ./system/src/stm32f1-stdperiph/stm32f10x_tim.o
 .ARM.attributes
                0x000000ff       0x33 ./system/src/stm32f1-stdperiph/stm32f10x_usart.o
 .ARM.attributes
                0x00000132       0x33 ./system/src/newlib/_exit.o
 .ARM.attributes
                0x00000165       0x33 ./system/src/newlib/_sbrk.o
 .ARM.attributes
                0x00000198       0x33 ./system/src/newlib/_startup.o
 .ARM.attributes
                0x000001cb       0x33 ./system/src/newlib/_syscalls.o
 .ARM.attributes
                0x000001fe       0x33 ./system/src/newlib/assert.o
 .ARM.attributes
                0x00000231       0x33 ./system/src/diag/Trace.o
 .ARM.attributes
                0x00000264       0x33 ./system/src/diag/trace_impl.o
 .ARM.attributes
                0x00000297       0x33 ./system/src/cortexm/_initialize_hardware.o
 .ARM.attributes
                0x000002ca       0x33 ./system/src/cortexm/exception_handlers.o
 .ARM.attributes
                0x000002fd       0x33 ./system/src/cmsis/system_stm32f10x.o
 .ARM.attributes
                0x00000330       0x33 ./system/src/cmsis/vectors_stm32f10x.o
 .ARM.attributes
                0x00000363       0x33 ./src/i2c/CLRI2CInterface.o
 .ARM.attributes
                0x00000396       0x33 ./src/i2c/i2c.o
 .ARM.attributes
                0x000003c9       0x33 ./src/common/delay/delay.o
 .ARM.attributes
                0x000003fc       0x33 ./src/TSM12/CLRTouchpad.o
 .ARM.attributes
                0x0000042f       0x33 ./src/TIMER/timer.o
 .ARM.attributes
                0x00000462       0x33 ./src/BlinkLed.o
 .ARM.attributes
                0x00000495       0x33 ./src/CLRMPU9250.o
 .ARM.attributes
                0x000004c8       0x33 ./src/IFVRCtrlerSys.o
 .ARM.attributes
                0x000004fb       0x33 ./src/Timer.o
 .ARM.attributes
                0x0000052e       0x33 ./src/main.o
 .ARM.attributes
                0x00000561       0x33 ./src/stm32f10x_it.o
 .ARM.attributes
                0x00000594       0x33 ./src/usart.o
 .ARM.attributes
                0x000005c7       0x2d /home/clover/TOOLS/gcc-arm-none-eabi-5_3-2016q1/bin/../lib/gcc/arm-none-eabi/5.3.1/../../../../arm-none-eabi/lib/armv7-m/libstdc++_nano.a(del_op.o)
 .ARM.attributes
                0x000005f4       0x2d /home/clover/TOOLS/gcc-arm-none-eabi-5_3-2016q1/bin/../lib/gcc/arm-none-eabi/5.3.1/../../../../arm-none-eabi/lib/armv7-m/libstdc++_nano.a(new_op.o)
 .ARM.attributes
                0x00000621       0x2d /home/clover/TOOLS/gcc-arm-none-eabi-5_3-2016q1/bin/../lib/gcc/arm-none-eabi/5.3.1/../../../../arm-none-eabi/lib/armv7-m/libstdc++_nano.a(new_handler.o)
 .ARM.attributes
                0x0000064e       0x2d /home/clover/TOOLS/gcc-arm-none-eabi-5_3-2016q1/bin/../lib/gcc/arm-none-eabi/5.3.1/../../../../arm-none-eabi/lib/armv7-m/libm.a(lib_a-w_sqrt.o)
 .ARM.attributes
                0x0000067b       0x2d /home/clover/TOOLS/gcc-arm-none-eabi-5_3-2016q1/bin/../lib/gcc/arm-none-eabi/5.3.1/../../../../arm-none-eabi/lib/armv7-m/libm.a(lib_a-e_sqrt.o)
 .ARM.attributes
                0x000006a8       0x2d /home/clover/TOOLS/gcc-arm-none-eabi-5_3-2016q1/bin/../lib/gcc/arm-none-eabi/5.3.1/../../../../arm-none-eabi/lib/armv7-m/libm.a(lib_a-s_lib_ver.o)
 .ARM.attributes
                0x000006d5       0x2d /home/clover/TOOLS/gcc-arm-none-eabi-5_3-2016q1/bin/../lib/gcc/arm-none-eabi/5.3.1/../../../../arm-none-eabi/lib/armv7-m/libm.a(lib_a-s_matherr.o)
 .ARM.attributes
                0x00000702       0x1d /home/clover/TOOLS/gcc-arm-none-eabi-5_3-2016q1/bin/../lib/gcc/arm-none-eabi/5.3.1/armv7-m/libgcc.a(_arm_addsubdf3.o)
 .ARM.attributes
                0x0000071f       0x1d /home/clover/TOOLS/gcc-arm-none-eabi-5_3-2016q1/bin/../lib/gcc/arm-none-eabi/5.3.1/armv7-m/libgcc.a(_arm_muldivdf3.o)
 .ARM.attributes
                0x0000073c       0x1d /home/clover/TOOLS/gcc-arm-none-eabi-5_3-2016q1/bin/../lib/gcc/arm-none-eabi/5.3.1/armv7-m/libgcc.a(_arm_cmpdf2.o)
 .ARM.attributes
                0x00000759       0x1d /home/clover/TOOLS/gcc-arm-none-eabi-5_3-2016q1/bin/../lib/gcc/arm-none-eabi/5.3.1/armv7-m/libgcc.a(_arm_unorddf2.o)
 .ARM.attributes
                0x00000776       0x1d /home/clover/TOOLS/gcc-arm-none-eabi-5_3-2016q1/bin/../lib/gcc/arm-none-eabi/5.3.1/armv7-m/libgcc.a(_arm_truncdfsf2.o)
 .ARM.attributes
                0x00000793       0x1d /home/clover/TOOLS/gcc-arm-none-eabi-5_3-2016q1/bin/../lib/gcc/arm-none-eabi/5.3.1/armv7-m/libgcc.a(_arm_muldivsf3.o)
 .ARM.attributes
                0x000007b0       0x2d /home/clover/TOOLS/gcc-arm-none-eabi-5_3-2016q1/bin/../lib/gcc/arm-none-eabi/5.3.1/../../../../arm-none-eabi/lib/armv7-m/libg_nano.a(lib_a-errno.o)
 .ARM.attributes
                0x000007dd       0x2d /home/clover/TOOLS/gcc-arm-none-eabi-5_3-2016q1/bin/../lib/gcc/arm-none-eabi/5.3.1/../../../../arm-none-eabi/lib/armv7-m/libg_nano.a(lib_a-impure.o)
 .ARM.attributes
                0x0000080a       0x2d /home/clover/TOOLS/gcc-arm-none-eabi-5_3-2016q1/bin/../lib/gcc/arm-none-eabi/5.3.1/../../../../arm-none-eabi/lib/armv7-m/libg_nano.a(lib_a-malloc.o)
 .ARM.attributes
                0x00000837       0x2d /home/clover/TOOLS/gcc-arm-none-eabi-5_3-2016q1/bin/../lib/gcc/arm-none-eabi/5.3.1/../../../../arm-none-eabi/lib/armv7-m/libg_nano.a(lib_a-nano-freer.o)
 .ARM.attributes
                0x00000864       0x2d /home/clover/TOOLS/gcc-arm-none-eabi-5_3-2016q1/bin/../lib/gcc/arm-none-eabi/5.3.1/../../../../arm-none-eabi/lib/armv7-m/libg_nano.a(lib_a-nano-mallocr.o)
 .ARM.attributes
                0x00000891       0x2d /home/clover/TOOLS/gcc-arm-none-eabi-5_3-2016q1/bin/../lib/gcc/arm-none-eabi/5.3.1/../../../../arm-none-eabi/lib/armv7-m/libg_nano.a(lib_a-sbrkr.o)
 .ARM.attributes
                0x000008be       0x17 /home/clover/TOOLS/gcc-arm-none-eabi-5_3-2016q1/bin/../lib/gcc/arm-none-eabi/5.3.1/../../../../arm-none-eabi/lib/armv7-m/libg_nano.a(lib_a-strlen.o)
 .ARM.attributes
                0x000008d5       0x2d /home/clover/TOOLS/gcc-arm-none-eabi-5_3-2016q1/bin/../lib/gcc/arm-none-eabi/5.3.1/../../../../arm-none-eabi/lib/armv7-m/libg_nano.a(lib_a-vsnprintf.o)
 .ARM.attributes
                0x00000902       0x2d /home/clover/TOOLS/gcc-arm-none-eabi-5_3-2016q1/bin/../lib/gcc/arm-none-eabi/5.3.1/../../../../arm-none-eabi/lib/armv7-m/libg_nano.a(lib_a-nano-reallocr.o)
 .ARM.attributes
                0x0000092f       0x2d /home/clover/TOOLS/gcc-arm-none-eabi-5_3-2016q1/bin/../lib/gcc/arm-none-eabi/5.3.1/../../../../arm-none-eabi/lib/armv7-m/libg_nano.a(lib_a-nano-svfprintf.o)
 .ARM.attributes
                0x0000095c       0x2d /home/clover/TOOLS/gcc-arm-none-eabi-5_3-2016q1/bin/../lib/gcc/arm-none-eabi/5.3.1/../../../../arm-none-eabi/lib/armv7-m/libg_nano.a(lib_a-nano-vfprintf_i.o)
 .ARM.attributes
                0x00000989       0x2d /home/clover/TOOLS/gcc-arm-none-eabi-5_3-2016q1/bin/../lib/gcc/arm-none-eabi/5.3.1/../../../../arm-none-eabi/lib/armv7-m/libg_nano.a(lib_a-memchr-stub.o)
 .ARM.attributes
                0x000009b6       0x2d /home/clover/TOOLS/gcc-arm-none-eabi-5_3-2016q1/bin/../lib/gcc/arm-none-eabi/5.3.1/../../../../arm-none-eabi/lib/armv7-m/libg_nano.a(lib_a-memcpy-stub.o)
 .ARM.attributes
                0x000009e3       0x2d /home/clover/TOOLS/gcc-arm-none-eabi-5_3-2016q1/bin/../lib/gcc/arm-none-eabi/5.3.1/../../../../arm-none-eabi/lib/armv7-m/libg_nano.a(lib_a-memmove.o)
 .ARM.attributes
                0x00000a10       0x2d /home/clover/TOOLS/gcc-arm-none-eabi-5_3-2016q1/bin/../lib/gcc/arm-none-eabi/5.3.1/../../../../arm-none-eabi/lib/armv7-m/libg_nano.a(lib_a-nano-msizer.o)

.debug
 *(.debug)

.line
 *(.line)

.debug_srcinfo
 *(.debug_srcinfo)

.debug_sfnames
 *(.debug_sfnames)

.debug_aranges  0x00000000      0xd68
 *(.debug_aranges)
 .debug_aranges
                0x00000000       0x40 ./system/src/stm32f1-stdperiph/misc.o
 .debug_aranges
                0x00000040       0x58 ./system/src/stm32f1-stdperiph/stm32f10x_exti.o
 .debug_aranges
                0x00000098       0xa8 ./system/src/stm32f1-stdperiph/stm32f10x_gpio.o
 .debug_aranges
                0x00000140      0x118 ./system/src/stm32f1-stdperiph/stm32f10x_rcc.o
 .debug_aranges
                0x00000258      0x2f0 ./system/src/stm32f1-stdperiph/stm32f10x_tim.o
 .debug_aranges
                0x00000548      0x100 ./system/src/stm32f1-stdperiph/stm32f10x_usart.o
 .debug_aranges
                0x00000648       0x28 ./system/src/newlib/_exit.o
 .debug_aranges
                0x00000670       0x20 ./system/src/newlib/_sbrk.o
 .debug_aranges
                0x00000690       0x40 ./system/src/newlib/_startup.o
 .debug_aranges
                0x000006d0       0x30 ./system/src/newlib/_syscalls.o
 .debug_aranges
                0x00000700       0x28 ./system/src/newlib/assert.o
 .debug_aranges
                0x00000728       0x38 ./system/src/diag/Trace.o
 .debug_aranges
                0x00000760       0x30 ./system/src/diag/trace_impl.o
 .debug_aranges
                0x00000790       0x28 ./system/src/cortexm/_initialize_hardware.o
 .debug_aranges
                0x000007b8       0x90 ./system/src/cortexm/exception_handlers.o
 .debug_aranges
                0x00000848       0x38 ./system/src/cmsis/system_stm32f10x.o
 .debug_aranges
                0x00000880       0x20 ./system/src/cmsis/vectors_stm32f10x.o
 .debug_aranges
                0x000008a0       0x90 ./src/i2c/CLRI2CInterface.o
 .debug_aranges
                0x00000930       0x88 ./src/i2c/i2c.o
 .debug_aranges
                0x000009b8       0x30 ./src/common/delay/delay.o
 .debug_aranges
                0x000009e8       0x58 ./src/TSM12/CLRTouchpad.o
 .debug_aranges
                0x00000a40       0x38 ./src/TIMER/timer.o
 .debug_aranges
                0x00000a78       0x30 ./src/BlinkLed.o
 .debug_aranges
                0x00000aa8       0xe8 ./src/CLRMPU9250.o
 .debug_aranges
                0x00000b90       0x48 ./src/IFVRCtrlerSys.o
 .debug_aranges
                0x00000bd8       0x40 ./src/Timer.o
 .debug_aranges
                0x00000c18       0x68 ./src/main.o
 .debug_aranges
                0x00000c80       0x80 ./src/stm32f10x_it.o
 .debug_aranges
                0x00000d00       0x68 ./src/usart.o

.debug_pubnames
 *(.debug_pubnames)

.debug_info     0x00000000    0x11d86
 *(.debug_info .gnu.linkonce.wi.*)
 .debug_info    0x00000000      0x643 ./system/src/stm32f1-stdperiph/misc.o
 .debug_info    0x00000643      0x45a ./system/src/stm32f1-stdperiph/stm32f10x_exti.o
 .debug_info    0x00000a9d      0xbcb ./system/src/stm32f1-stdperiph/stm32f10x_gpio.o
 .debug_info    0x00001668      0xc70 ./system/src/stm32f1-stdperiph/stm32f10x_rcc.o
 .debug_info    0x000022d8     0x3928 ./system/src/stm32f1-stdperiph/stm32f10x_tim.o
 .debug_info    0x00005c00     0x1280 ./system/src/stm32f1-stdperiph/stm32f10x_usart.o
 .debug_info    0x00006e80       0xef ./system/src/newlib/_exit.o
 .debug_info    0x00006f6f      0x11f ./system/src/newlib/_sbrk.o
 .debug_info    0x0000708e      0x454 ./system/src/newlib/_startup.o
 .debug_info    0x000074e2      0x1bc ./system/src/newlib/_syscalls.o
 .debug_info    0x0000769e      0x1a3 ./system/src/newlib/assert.o
 .debug_info    0x00007841      0x2e6 ./system/src/diag/Trace.o
 .debug_info    0x00007b27      0x30a ./system/src/diag/trace_impl.o
 .debug_info    0x00007e31      0x2b1 ./system/src/cortexm/_initialize_hardware.o
 .debug_info    0x000080e2      0x8e5 ./system/src/cortexm/exception_handlers.o
 .debug_info    0x000089c7      0x497 ./system/src/cmsis/system_stm32f10x.o
 .debug_info    0x00008e5e       0xd1 ./system/src/cmsis/vectors_stm32f10x.o
 .debug_info    0x00008f2f      0xcd4 ./src/i2c/CLRI2CInterface.o
 .debug_info    0x00009c03      0x894 ./src/i2c/i2c.o
 .debug_info    0x0000a497      0x1a1 ./src/common/delay/delay.o
 .debug_info    0x0000a638      0xf05 ./src/TSM12/CLRTouchpad.o
 .debug_info    0x0000b53d      0xcca ./src/TIMER/timer.o
 .debug_info    0x0000c207      0x35a ./src/BlinkLed.o
 .debug_info    0x0000c561     0x2534 ./src/CLRMPU9250.o
 .debug_info    0x0000ea95      0x6c5 ./src/IFVRCtrlerSys.o
 .debug_info    0x0000f15a      0x64c ./src/Timer.o
 .debug_info    0x0000f7a6      0x6ca ./src/main.o
 .debug_info    0x0000fe70      0x8fb ./src/stm32f10x_it.o
 .debug_info    0x0001076b     0x161b ./src/usart.o

.debug_abbrev   0x00000000     0x339e
 *(.debug_abbrev)
 .debug_abbrev  0x00000000      0x181 ./system/src/stm32f1-stdperiph/misc.o
 .debug_abbrev  0x00000181      0x19e ./system/src/stm32f1-stdperiph/stm32f10x_exti.o
 .debug_abbrev  0x0000031f      0x1f4 ./system/src/stm32f1-stdperiph/stm32f10x_gpio.o
 .debug_abbrev  0x00000513      0x1f8 ./system/src/stm32f1-stdperiph/stm32f10x_rcc.o
 .debug_abbrev  0x0000070b      0x1d8 ./system/src/stm32f1-stdperiph/stm32f10x_tim.o
 .debug_abbrev  0x000008e3      0x1cd ./system/src/stm32f1-stdperiph/stm32f10x_usart.o
 .debug_abbrev  0x00000ab0       0x8e ./system/src/newlib/_exit.o
 .debug_abbrev  0x00000b3e       0xb9 ./system/src/newlib/_sbrk.o
 .debug_abbrev  0x00000bf7      0x1ac ./system/src/newlib/_startup.o
 .debug_abbrev  0x00000da3       0xec ./system/src/newlib/_syscalls.o
 .debug_abbrev  0x00000e8f       0xab ./system/src/newlib/assert.o
 .debug_abbrev  0x00000f3a      0x145 ./system/src/diag/Trace.o
 .debug_abbrev  0x0000107f      0x1c8 ./system/src/diag/trace_impl.o
 .debug_abbrev  0x00001247       0xea ./system/src/cortexm/_initialize_hardware.o
 .debug_abbrev  0x00001331      0x247 ./system/src/cortexm/exception_handlers.o
 .debug_abbrev  0x00001578      0x159 ./system/src/cmsis/system_stm32f10x.o
 .debug_abbrev  0x000016d1       0x9d ./system/src/cmsis/vectors_stm32f10x.o
 .debug_abbrev  0x0000176e      0x2db ./src/i2c/CLRI2CInterface.o
 .debug_abbrev  0x00001a49      0x20b ./src/i2c/i2c.o
 .debug_abbrev  0x00001c54      0x102 ./src/common/delay/delay.o
 .debug_abbrev  0x00001d56      0x3dd ./src/TSM12/CLRTouchpad.o
 .debug_abbrev  0x00002133      0x176 ./src/TIMER/timer.o
 .debug_abbrev  0x000022a9      0x15c ./src/BlinkLed.o
 .debug_abbrev  0x00002405      0x421 ./src/CLRMPU9250.o
 .debug_abbrev  0x00002826      0x1a1 ./src/IFVRCtrlerSys.o
 .debug_abbrev  0x000029c7      0x1da ./src/Timer.o
 .debug_abbrev  0x00002ba1      0x2d1 ./src/main.o
 .debug_abbrev  0x00002e72      0x1f0 ./src/stm32f10x_it.o
 .debug_abbrev  0x00003062      0x33c ./src/usart.o

.debug_line     0x00000000     0xc99b
 *(.debug_line)
 .debug_line    0x00000000      0x49c ./system/src/stm32f1-stdperiph/misc.o
 .debug_line    0x0000049c      0x599 ./system/src/stm32f1-stdperiph/stm32f10x_exti.o
 .debug_line    0x00000a35      0x979 ./system/src/stm32f1-stdperiph/stm32f10x_gpio.o
 .debug_line    0x000013ae      0x8c3 ./system/src/stm32f1-stdperiph/stm32f10x_rcc.o
 .debug_line    0x00001c71     0x25c6 ./system/src/stm32f1-stdperiph/stm32f10x_tim.o
 .debug_line    0x00004237      0xb5b ./system/src/stm32f1-stdperiph/stm32f10x_usart.o
 .debug_line    0x00004d92      0x331 ./system/src/newlib/_exit.o
 .debug_line    0x000050c3      0x2b1 ./system/src/newlib/_sbrk.o
 .debug_line    0x00005374      0x367 ./system/src/newlib/_startup.o
 .debug_line    0x000056db      0x3ab ./system/src/newlib/_syscalls.o
 .debug_line    0x00005a86      0x36c ./system/src/newlib/assert.o
 .debug_line    0x00005df2      0x390 ./system/src/diag/Trace.o
 .debug_line    0x00006182      0x6df ./system/src/diag/trace_impl.o
 .debug_line    0x00006861      0x400 ./system/src/cortexm/_initialize_hardware.o
 .debug_line    0x00006c61      0x7ae ./system/src/cortexm/exception_handlers.o
 .debug_line    0x0000740f      0x460 ./system/src/cmsis/system_stm32f10x.o
 .debug_line    0x0000786f      0x12c ./system/src/cmsis/vectors_stm32f10x.o
 .debug_line    0x0000799b      0x772 ./src/i2c/CLRI2CInterface.o
 .debug_line    0x0000810d      0x621 ./src/i2c/i2c.o
 .debug_line    0x0000872e      0x40d ./src/common/delay/delay.o
 .debug_line    0x00008b3b      0x845 ./src/TSM12/CLRTouchpad.o
 .debug_line    0x00009380      0x454 ./src/TIMER/timer.o
 .debug_line    0x000097d4      0x405 ./src/BlinkLed.o
 .debug_line    0x00009bd9      0xb7e ./src/CLRMPU9250.o
 .debug_line    0x0000a757      0x672 ./src/IFVRCtrlerSys.o
 .debug_line    0x0000adc9      0x496 ./src/Timer.o
 .debug_line    0x0000b25f      0x8e9 ./src/main.o
 .debug_line    0x0000bb48      0x766 ./src/stm32f10x_it.o
 .debug_line    0x0000c2ae      0x6ed ./src/usart.o

.debug_frame    0x00000000     0x2894
 *(.debug_frame)
 .debug_frame   0x00000000       0x90 ./system/src/stm32f1-stdperiph/misc.o
 .debug_frame   0x00000090       0xc0 ./system/src/stm32f1-stdperiph/stm32f10x_exti.o
 .debug_frame   0x00000150      0x1e8 ./system/src/stm32f1-stdperiph/stm32f10x_gpio.o
 .debug_frame   0x00000338      0x31c ./system/src/stm32f1-stdperiph/stm32f10x_rcc.o
 .debug_frame   0x00000654      0x9ec ./system/src/stm32f1-stdperiph/stm32f10x_tim.o
 .debug_frame   0x00001040      0x31c ./system/src/stm32f1-stdperiph/stm32f10x_usart.o
 .debug_frame   0x0000135c       0x38 ./system/src/newlib/_exit.o
 .debug_frame   0x00001394       0x28 ./system/src/newlib/_sbrk.o
 .debug_frame   0x000013bc       0x7c ./system/src/newlib/_startup.o
 .debug_frame   0x00001438       0x50 ./system/src/newlib/_syscalls.o
 .debug_frame   0x00001488       0x40 ./system/src/newlib/assert.o
 .debug_frame   0x000014c8       0x94 ./system/src/diag/Trace.o
 .debug_frame   0x0000155c       0x60 ./system/src/diag/trace_impl.o
 .debug_frame   0x000015bc       0x40 ./system/src/cortexm/_initialize_hardware.o
 .debug_frame   0x000015fc      0x158 ./system/src/cortexm/exception_handlers.o
 .debug_frame   0x00001754       0x68 ./system/src/cmsis/system_stm32f10x.o
 .debug_frame   0x000017bc       0x20 ./system/src/cmsis/vectors_stm32f10x.o
 .debug_frame   0x000017dc      0x1bc ./src/i2c/CLRI2CInterface.o
 .debug_frame   0x00001998      0x174 ./src/i2c/i2c.o
 .debug_frame   0x00001b0c       0x48 ./src/common/delay/delay.o
 .debug_frame   0x00001b54       0xf4 ./src/TSM12/CLRTouchpad.o
 .debug_frame   0x00001c48       0xa0 ./src/TIMER/timer.o
 .debug_frame   0x00001ce8       0x64 ./src/BlinkLed.o
 .debug_frame   0x00001d4c      0x330 ./src/CLRMPU9250.o
 .debug_frame   0x0000207c       0x9c ./src/IFVRCtrlerSys.o
 .debug_frame   0x00002118       0x68 ./src/Timer.o
 .debug_frame   0x00002180       0xf0 ./src/main.o
 .debug_frame   0x00002270      0x108 ./src/stm32f10x_it.o
 .debug_frame   0x00002378      0x130 ./src/usart.o
 .debug_frame   0x000024a8       0x20 /home/clover/TOOLS/gcc-arm-none-eabi-5_3-2016q1/bin/../lib/gcc/arm-none-eabi/5.3.1/../../../../arm-none-eabi/lib/armv7-m/libstdc++_nano.a(del_op.o)
 .debug_frame   0x000024c8       0x28 /home/clover/TOOLS/gcc-arm-none-eabi-5_3-2016q1/bin/../lib/gcc/arm-none-eabi/5.3.1/../../../../arm-none-eabi/lib/armv7-m/libstdc++_nano.a(new_op.o)
 .debug_frame   0x000024f0       0x30 /home/clover/TOOLS/gcc-arm-none-eabi-5_3-2016q1/bin/../lib/gcc/arm-none-eabi/5.3.1/../../../../arm-none-eabi/lib/armv7-m/libstdc++_nano.a(new_handler.o)
 .debug_frame   0x00002520       0x44 /home/clover/TOOLS/gcc-arm-none-eabi-5_3-2016q1/bin/../lib/gcc/arm-none-eabi/5.3.1/../../../../arm-none-eabi/lib/armv7-m/libm.a(lib_a-w_sqrt.o)
 .debug_frame   0x00002564       0x30 /home/clover/TOOLS/gcc-arm-none-eabi-5_3-2016q1/bin/../lib/gcc/arm-none-eabi/5.3.1/../../../../arm-none-eabi/lib/armv7-m/libm.a(lib_a-e_sqrt.o)
 .debug_frame   0x00002594       0x20 /home/clover/TOOLS/gcc-arm-none-eabi-5_3-2016q1/bin/../lib/gcc/arm-none-eabi/5.3.1/../../../../arm-none-eabi/lib/armv7-m/libm.a(lib_a-s_matherr.o)
 .debug_frame   0x000025b4       0x20 /home/clover/TOOLS/gcc-arm-none-eabi-5_3-2016q1/bin/../lib/gcc/arm-none-eabi/5.3.1/../../../../arm-none-eabi/lib/armv7-m/libg_nano.a(lib_a-errno.o)
 .debug_frame   0x000025d4       0x30 /home/clover/TOOLS/gcc-arm-none-eabi-5_3-2016q1/bin/../lib/gcc/arm-none-eabi/5.3.1/../../../../arm-none-eabi/lib/armv7-m/libg_nano.a(lib_a-malloc.o)
 .debug_frame   0x00002604       0x2c /home/clover/TOOLS/gcc-arm-none-eabi-5_3-2016q1/bin/../lib/gcc/arm-none-eabi/5.3.1/../../../../arm-none-eabi/lib/armv7-m/libg_nano.a(lib_a-nano-freer.o)
 .debug_frame   0x00002630       0x2c /home/clover/TOOLS/gcc-arm-none-eabi-5_3-2016q1/bin/../lib/gcc/arm-none-eabi/5.3.1/../../../../arm-none-eabi/lib/armv7-m/libg_nano.a(lib_a-nano-mallocr.o)
 .debug_frame   0x0000265c       0x2c /home/clover/TOOLS/gcc-arm-none-eabi-5_3-2016q1/bin/../lib/gcc/arm-none-eabi/5.3.1/../../../../arm-none-eabi/lib/armv7-m/libg_nano.a(lib_a-sbrkr.o)
 .debug_frame   0x00002688       0x48 /home/clover/TOOLS/gcc-arm-none-eabi-5_3-2016q1/bin/../lib/gcc/arm-none-eabi/5.3.1/../../../../arm-none-eabi/lib/armv7-m/libg_nano.a(lib_a-vsnprintf.o)
 .debug_frame   0x000026d0       0x3c /home/clover/TOOLS/gcc-arm-none-eabi-5_3-2016q1/bin/../lib/gcc/arm-none-eabi/5.3.1/../../../../arm-none-eabi/lib/armv7-m/libg_nano.a(lib_a-nano-reallocr.o)
 .debug_frame   0x0000270c       0x90 /home/clover/TOOLS/gcc-arm-none-eabi-5_3-2016q1/bin/../lib/gcc/arm-none-eabi/5.3.1/../../../../arm-none-eabi/lib/armv7-m/libg_nano.a(lib_a-nano-svfprintf.o)
 .debug_frame   0x0000279c       0x60 /home/clover/TOOLS/gcc-arm-none-eabi-5_3-2016q1/bin/../lib/gcc/arm-none-eabi/5.3.1/../../../../arm-none-eabi/lib/armv7-m/libg_nano.a(lib_a-nano-vfprintf_i.o)
 .debug_frame   0x000027fc       0x28 /home/clover/TOOLS/gcc-arm-none-eabi-5_3-2016q1/bin/../lib/gcc/arm-none-eabi/5.3.1/../../../../arm-none-eabi/lib/armv7-m/libg_nano.a(lib_a-memchr-stub.o)
 .debug_frame   0x00002824       0x28 /home/clover/TOOLS/gcc-arm-none-eabi-5_3-2016q1/bin/../lib/gcc/arm-none-eabi/5.3.1/../../../../arm-none-eabi/lib/armv7-m/libg_nano.a(lib_a-memcpy-stub.o)
 .debug_frame   0x0000284c       0x28 /home/clover/TOOLS/gcc-arm-none-eabi-5_3-2016q1/bin/../lib/gcc/arm-none-eabi/5.3.1/../../../../arm-none-eabi/lib/armv7-m/libg_nano.a(lib_a-memmove.o)
 .debug_frame   0x00002874       0x20 /home/clover/TOOLS/gcc-arm-none-eabi-5_3-2016q1/bin/../lib/gcc/arm-none-eabi/5.3.1/../../../../arm-none-eabi/lib/armv7-m/libg_nano.a(lib_a-nano-msizer.o)

.debug_str      0x00000000    0x5b32c
 *(.debug_str)
 .debug_str     0x00000000    0x4e000 ./system/src/stm32f1-stdperiph/misc.o
                              0x4e1ae (size before relaxing)
 .debug_str     0x0004e000      0x1b7 ./system/src/stm32f1-stdperiph/stm32f10x_exti.o
                              0x4e14c (size before relaxing)
 .debug_str     0x0004e1b7      0x589 ./system/src/stm32f1-stdperiph/stm32f10x_gpio.o
                              0x4e52c (size before relaxing)
 .debug_str     0x0004e740      0xb36 ./system/src/stm32f1-stdperiph/stm32f10x_rcc.o
                              0x4eafb (size before relaxing)
 .debug_str     0x0004f276      0xc1d ./system/src/stm32f1-stdperiph/stm32f10x_tim.o
                              0x4ec47 (size before relaxing)
 .debug_str     0x0004fe93      0x7f8 ./system/src/stm32f1-stdperiph/stm32f10x_usart.o
                              0x4e865 (size before relaxing)
 .debug_str     0x0005068b     0x447f ./system/src/newlib/_exit.o
                               0x6b00 (size before relaxing)
 .debug_str     0x00054b0a      0x4de ./system/src/newlib/_sbrk.o
                               0x5eeb (size before relaxing)
 .debug_str     0x00054fe8      0x26b ./system/src/newlib/_startup.o
                               0x5a86 (size before relaxing)
 .debug_str     0x00055253      0xe06 ./system/src/newlib/_syscalls.o
                               0x6d33 (size before relaxing)
 .debug_str     0x00056059       0xda ./system/src/newlib/assert.o
                               0x7609 (size before relaxing)
 .debug_str     0x00056133      0x876 ./system/src/diag/Trace.o
                               0x72d3 (size before relaxing)
 .debug_str     0x000569a9      0x37b ./system/src/diag/trace_impl.o
                              0x51a96 (size before relaxing)
 .debug_str     0x00056d24       0x5e ./system/src/cortexm/_initialize_hardware.o
                              0x4e016 (size before relaxing)
 .debug_str     0x00056d82      0x1a8 ./system/src/cortexm/exception_handlers.o
                              0x52871 (size before relaxing)
 .debug_str     0x00056f2a       0xa6 ./system/src/cmsis/system_stm32f10x.o
                              0x4e0c0 (size before relaxing)
 .debug_str     0x00056fd0       0x57 ./system/src/cmsis/vectors_stm32f10x.o
                               0x3065 (size before relaxing)
 .debug_str     0x00057027      0xc68 ./src/i2c/CLRI2CInterface.o
                              0x521a4 (size before relaxing)
 .debug_str     0x00057c8f       0xe9 ./src/i2c/i2c.o
                              0x4e3cd (size before relaxing)
 .debug_str     0x00057d78       0x44 ./src/common/delay/delay.o
                              0x4dfa0 (size before relaxing)
 .debug_str     0x00057dbc     0x10a1 ./src/TSM12/CLRTouchpad.o
                              0x53cf7 (size before relaxing)
 .debug_str     0x00058e5d       0xc5 ./src/TIMER/timer.o
                              0x4e812 (size before relaxing)
 .debug_str     0x00058f22      0x16a ./src/BlinkLed.o
                              0x4e1fb (size before relaxing)
 .debug_str     0x0005908c     0x1074 ./src/CLRMPU9250.o
                              0x548cf (size before relaxing)
 .debug_str     0x0005a100      0x7cc ./src/IFVRCtrlerSys.o
                              0x528b4 (size before relaxing)
 .debug_str     0x0005a8cc       0xb5 ./src/Timer.o
                              0x4e3ea (size before relaxing)
 .debug_str     0x0005a981      0x3a3 ./src/main.o
                              0x5463a (size before relaxing)
 .debug_str     0x0005ad24       0xc5 ./src/stm32f10x_it.o
                              0x525f2 (size before relaxing)
 .debug_str     0x0005ade9      0x543 ./src/usart.o
                              0x52db7 (size before relaxing)

.debug_loc      0x00000000     0x8610
 *(.debug_loc)
 .debug_loc     0x00000000      0x1b5 ./system/src/stm32f1-stdperiph/misc.o
 .debug_loc     0x000001b5      0x1c6 ./system/src/stm32f1-stdperiph/stm32f10x_exti.o
 .debug_loc     0x0000037b      0x776 ./system/src/stm32f1-stdperiph/stm32f10x_gpio.o
 .debug_loc     0x00000af1      0x91f ./system/src/stm32f1-stdperiph/stm32f10x_rcc.o
 .debug_loc     0x00001410     0x2974 ./system/src/stm32f1-stdperiph/stm32f10x_tim.o
 .debug_loc     0x00003d84      0xbf9 ./system/src/stm32f1-stdperiph/stm32f10x_usart.o
 .debug_loc     0x0000497d       0x82 ./system/src/newlib/_sbrk.o
 .debug_loc     0x000049ff      0x265 ./system/src/newlib/_startup.o
 .debug_loc     0x00004c64       0x63 ./system/src/newlib/_syscalls.o
 .debug_loc     0x00004cc7      0x110 ./system/src/newlib/assert.o
 .debug_loc     0x00004dd7      0x102 ./system/src/diag/Trace.o
 .debug_loc     0x00004ed9      0x17c ./system/src/diag/trace_impl.o
 .debug_loc     0x00005055      0x2a8 ./system/src/cortexm/exception_handlers.o
 .debug_loc     0x000052fd       0xdf ./system/src/cmsis/system_stm32f10x.o
 .debug_loc     0x000053dc      0x837 ./src/i2c/CLRI2CInterface.o
 .debug_loc     0x00005c13      0x830 ./src/i2c/i2c.o
 .debug_loc     0x00006443       0x7e ./src/common/delay/delay.o
 .debug_loc     0x000064c1      0x32c ./src/TSM12/CLRTouchpad.o
 .debug_loc     0x000067ed       0xc6 ./src/TIMER/timer.o
 .debug_loc     0x000068b3       0x21 ./src/BlinkLed.o
 .debug_loc     0x000068d4     0x16a4 ./src/CLRMPU9250.o
 .debug_loc     0x00007f78       0x59 ./src/Timer.o
 .debug_loc     0x00007fd1      0x28f ./src/main.o
 .debug_loc     0x00008260       0x4f ./src/stm32f10x_it.o
 .debug_loc     0x000082af      0x361 ./src/usart.o

.debug_macinfo
 *(.debug_macinfo)

.debug_weaknames
 *(.debug_weaknames)

.debug_funcnames
 *(.debug_funcnames)

.debug_typenames
 *(.debug_typenames)

.debug_varnames
 *(.debug_varnames)
OUTPUT(CLRHelloTimer.elf elf32-littlearm)

.debug_ranges   0x00000000      0xc10
 .debug_ranges  0x00000000       0x30 ./system/src/stm32f1-stdperiph/misc.o
 .debug_ranges  0x00000030       0x48 ./system/src/stm32f1-stdperiph/stm32f10x_exti.o
 .debug_ranges  0x00000078       0x98 ./system/src/stm32f1-stdperiph/stm32f10x_gpio.o
 .debug_ranges  0x00000110      0x108 ./system/src/stm32f1-stdperiph/stm32f10x_rcc.o
 .debug_ranges  0x00000218      0x2e0 ./system/src/stm32f1-stdperiph/stm32f10x_tim.o
 .debug_ranges  0x000004f8       0xf0 ./system/src/stm32f1-stdperiph/stm32f10x_usart.o
 .debug_ranges  0x000005e8       0x18 ./system/src/newlib/_exit.o
 .debug_ranges  0x00000600       0x10 ./system/src/newlib/_sbrk.o
 .debug_ranges  0x00000610       0x48 ./system/src/newlib/_startup.o
 .debug_ranges  0x00000658       0x20 ./system/src/newlib/_syscalls.o
 .debug_ranges  0x00000678       0x18 ./system/src/newlib/assert.o
 .debug_ranges  0x00000690       0x28 ./system/src/diag/Trace.o
 .debug_ranges  0x000006b8       0x38 ./system/src/diag/trace_impl.o
 .debug_ranges  0x000006f0       0x18 ./system/src/cortexm/_initialize_hardware.o
 .debug_ranges  0x00000708       0x98 ./system/src/cortexm/exception_handlers.o
 .debug_ranges  0x000007a0       0x28 ./system/src/cmsis/system_stm32f10x.o
 .debug_ranges  0x000007c8       0x10 ./system/src/cmsis/vectors_stm32f10x.o
 .debug_ranges  0x000007d8       0x80 ./src/i2c/CLRI2CInterface.o
 .debug_ranges  0x00000858       0x78 ./src/i2c/i2c.o
 .debug_ranges  0x000008d0       0x20 ./src/common/delay/delay.o
 .debug_ranges  0x000008f0       0x78 ./src/TSM12/CLRTouchpad.o
 .debug_ranges  0x00000968       0x28 ./src/TIMER/timer.o
 .debug_ranges  0x00000990       0x20 ./src/BlinkLed.o
 .debug_ranges  0x000009b0       0xd8 ./src/CLRMPU9250.o
 .debug_ranges  0x00000a88       0x38 ./src/IFVRCtrlerSys.o
 .debug_ranges  0x00000ac0       0x30 ./src/Timer.o
 .debug_ranges  0x00000af0       0x58 ./src/main.o
 .debug_ranges  0x00000b48       0x70 ./src/stm32f10x_it.o
 .debug_ranges  0x00000bb8       0x58 ./src/usart.o

.debug_macro    0x00000000    0x12dda
 .debug_macro   0x00000000      0x171 ./system/src/stm32f1-stdperiph/misc.o
 .debug_macro   0x00000171      0x88c ./system/src/stm32f1-stdperiph/misc.o
 .debug_macro   0x000009fd       0x50 ./system/src/stm32f1-stdperiph/misc.o
 .debug_macro   0x00000a4d      0x34e ./system/src/stm32f1-stdperiph/misc.o
 .debug_macro   0x00000d9b       0x35 ./system/src/stm32f1-stdperiph/misc.o
 .debug_macro   0x00000dd0       0x34 ./system/src/stm32f1-stdperiph/misc.o
 .debug_macro   0x00000e04      0xb8e ./system/src/stm32f1-stdperiph/misc.o
 .debug_macro   0x00001992     0x7dbe ./system/src/stm32f1-stdperiph/misc.o
 .debug_macro   0x00009750      0x2e4 ./system/src/stm32f1-stdperiph/misc.o
 .debug_macro   0x00009a34      0x144 ./system/src/stm32f1-stdperiph/misc.o
 .debug_macro   0x00009b78      0x3cf ./system/src/stm32f1-stdperiph/misc.o
 .debug_macro   0x00009f47       0xc8 ./system/src/stm32f1-stdperiph/misc.o
 .debug_macro   0x0000a00f      0x17a ./system/src/stm32f1-stdperiph/misc.o
 .debug_macro   0x0000a189       0xac ./system/src/stm32f1-stdperiph/misc.o
 .debug_macro   0x0000a235      0x3ad ./system/src/stm32f1-stdperiph/misc.o
 .debug_macro   0x0000a5e2       0x9d ./system/src/stm32f1-stdperiph/misc.o
 .debug_macro   0x0000a67f      0x2cf ./system/src/stm32f1-stdperiph/misc.o
 .debug_macro   0x0000a94e      0x279 ./system/src/stm32f1-stdperiph/misc.o
 .debug_macro   0x0000abc7      0x2ac ./system/src/stm32f1-stdperiph/misc.o
 .debug_macro   0x0000ae73      0x2b4 ./system/src/stm32f1-stdperiph/misc.o
 .debug_macro   0x0000b127       0x64 ./system/src/stm32f1-stdperiph/misc.o
 .debug_macro   0x0000b18b       0x82 ./system/src/stm32f1-stdperiph/misc.o
 .debug_macro   0x0000b20d      0x3e2 ./system/src/stm32f1-stdperiph/misc.o
 .debug_macro   0x0000b5ef       0x58 ./system/src/stm32f1-stdperiph/misc.o
 .debug_macro   0x0000b647      0x344 ./system/src/stm32f1-stdperiph/misc.o
 .debug_macro   0x0000b98b      0x2c4 ./system/src/stm32f1-stdperiph/misc.o
 .debug_macro   0x0000bc4f      0x711 ./system/src/stm32f1-stdperiph/misc.o
 .debug_macro   0x0000c360      0x222 ./system/src/stm32f1-stdperiph/misc.o
 .debug_macro   0x0000c582       0x34 ./system/src/stm32f1-stdperiph/misc.o
 .debug_macro   0x0000c5b6       0x35 ./system/src/stm32f1-stdperiph/misc.o
 .debug_macro   0x0000c5eb       0x85 ./system/src/stm32f1-stdperiph/misc.o
 .debug_macro   0x0000c670      0x171 ./system/src/stm32f1-stdperiph/stm32f10x_exti.o
 .debug_macro   0x0000c7e1       0x97 ./system/src/stm32f1-stdperiph/stm32f10x_exti.o
 .debug_macro   0x0000c878      0x1b9 ./system/src/stm32f1-stdperiph/stm32f10x_gpio.o
 .debug_macro   0x0000ca31      0x2a6 ./system/src/stm32f1-stdperiph/stm32f10x_gpio.o
 .debug_macro   0x0000ccd7      0x287 ./system/src/stm32f1-stdperiph/stm32f10x_rcc.o
 .debug_macro   0x0000cf5e      0x3dc ./system/src/stm32f1-stdperiph/stm32f10x_rcc.o
 .debug_macro   0x0000d33a      0x183 ./system/src/stm32f1-stdperiph/stm32f10x_tim.o
 .debug_macro   0x0000d4bd      0x70b ./system/src/stm32f1-stdperiph/stm32f10x_tim.o
 .debug_macro   0x0000dbc8      0x21f ./system/src/stm32f1-stdperiph/stm32f10x_usart.o
 .debug_macro   0x0000dde7      0x21c ./system/src/stm32f1-stdperiph/stm32f10x_usart.o
 .debug_macro   0x0000e003      0x182 ./system/src/newlib/_exit.o
 .debug_macro   0x0000e185       0x9c ./system/src/newlib/_exit.o
 .debug_macro   0x0000e221      0x10e ./system/src/newlib/_exit.o
 .debug_macro   0x0000e32f       0x8d ./system/src/newlib/_exit.o
 .debug_macro   0x0000e3bc       0x43 ./system/src/newlib/_exit.o
 .debug_macro   0x0000e3ff      0x30d ./system/src/newlib/_exit.o
 .debug_macro   0x0000e70c       0x35 ./system/src/newlib/_exit.o
 .debug_macro   0x0000e741      0x137 ./system/src/newlib/_sbrk.o
 .debug_macro   0x0000e878      0x174 ./system/src/newlib/_sbrk.o
 .debug_macro   0x0000e9ec       0x10 ./system/src/newlib/_sbrk.o
 .debug_macro   0x0000e9fc      0x23b ./system/src/newlib/_sbrk.o
 .debug_macro   0x0000ec37      0x141 ./system/src/newlib/_startup.o
 .debug_macro   0x0000ed78      0x1d6 ./system/src/newlib/_syscalls.o
 .debug_macro   0x0000ef4e       0x1c ./system/src/newlib/_syscalls.o
 .debug_macro   0x0000ef6a       0x10 ./system/src/newlib/_syscalls.o
 .debug_macro   0x0000ef7a       0x10 ./system/src/newlib/_syscalls.o
 .debug_macro   0x0000ef8a       0x10 ./system/src/newlib/_syscalls.o
 .debug_macro   0x0000ef9a       0x35 ./system/src/newlib/_syscalls.o
 .debug_macro   0x0000efcf      0x122 ./system/src/newlib/_syscalls.o
 .debug_macro   0x0000f0f1       0x88 ./system/src/newlib/_syscalls.o
 .debug_macro   0x0000f179       0x2b ./system/src/newlib/_syscalls.o
 .debug_macro   0x0000f1a4      0x118 ./system/src/newlib/_syscalls.o
 .debug_macro   0x0000f2bc      0x159 ./system/src/newlib/_syscalls.o
 .debug_macro   0x0000f415       0x16 ./system/src/newlib/_syscalls.o
 .debug_macro   0x0000f42b      0x19e ./system/src/newlib/assert.o
 .debug_macro   0x0000f5c9       0x1c ./system/src/newlib/assert.o
 .debug_macro   0x0000f5e5      0x1af ./system/src/diag/Trace.o
 .debug_macro   0x0000f794       0x16 ./system/src/diag/Trace.o
 .debug_macro   0x0000f7aa       0x97 ./system/src/diag/Trace.o
 .debug_macro   0x0000f841       0xfd ./system/src/diag/Trace.o
 .debug_macro   0x0000f93e       0x10 ./system/src/diag/Trace.o
 .debug_macro   0x0000f94e       0x16 ./system/src/diag/Trace.o
 .debug_macro   0x0000f964      0x182 ./system/src/diag/Trace.o
 .debug_macro   0x0000fae6       0x52 ./system/src/diag/Trace.o
 .debug_macro   0x0000fb38       0x16 ./system/src/diag/Trace.o
 .debug_macro   0x0000fb4e      0x2a8 ./system/src/diag/trace_impl.o
 .debug_macro   0x0000fdf6       0x10 ./system/src/diag/trace_impl.o
 .debug_macro   0x0000fe06       0xcf ./system/src/diag/trace_impl.o
 .debug_macro   0x0000fed5       0x19 ./system/src/diag/trace_impl.o
 .debug_macro   0x0000feee       0xbe ./system/src/diag/trace_impl.o
 .debug_macro   0x0000ffac       0x22 ./system/src/diag/trace_impl.o
 .debug_macro   0x0000ffce      0x16b ./system/src/cortexm/_initialize_hardware.o
 .debug_macro   0x00010139      0x2de ./system/src/cortexm/exception_handlers.o
 .debug_macro   0x00010417       0x3b ./system/src/cortexm/exception_handlers.o
 .debug_macro   0x00010452       0x10 ./system/src/cortexm/exception_handlers.o
 .debug_macro   0x00010462      0x16e ./system/src/cmsis/system_stm32f10x.o
 .debug_macro   0x000105d0       0x34 ./system/src/cmsis/vectors_stm32f10x.o
 .debug_macro   0x00010604      0x2b5 ./src/i2c/CLRI2CInterface.o
 .debug_macro   0x000108b9       0xc5 ./src/i2c/CLRI2CInterface.o
 .debug_macro   0x0001097e       0x22 ./src/i2c/CLRI2CInterface.o
 .debug_macro   0x000109a0       0x28 ./src/i2c/CLRI2CInterface.o
 .debug_macro   0x000109c8      0x179 ./src/i2c/i2c.o
 .debug_macro   0x00010b41      0x16b ./src/common/delay/delay.o
 .debug_macro   0x00010cac      0x370 ./src/TSM12/CLRTouchpad.o
 .debug_macro   0x0001101c       0x16 ./src/TSM12/CLRTouchpad.o
 .debug_macro   0x00011032      0x1da ./src/TSM12/CLRTouchpad.o
 .debug_macro   0x0001120c       0x10 ./src/TSM12/CLRTouchpad.o
 .debug_macro   0x0001121c       0x3c ./src/TSM12/CLRTouchpad.o
 .debug_macro   0x00011258      0x16b ./src/TIMER/timer.o
 .debug_macro   0x000113c3      0x170 ./src/BlinkLed.o
 .debug_macro   0x00011533       0x2e ./src/BlinkLed.o
 .debug_macro   0x00011561      0x641 ./src/CLRMPU9250.o
 .debug_macro   0x00011ba2       0x1c ./src/CLRMPU9250.o
 .debug_macro   0x00011bbe      0x2dd ./src/IFVRCtrlerSys.o
 .debug_macro   0x00011e9b       0x16 ./src/IFVRCtrlerSys.o
 .debug_macro   0x00011eb1      0x114 ./src/IFVRCtrlerSys.o
 .debug_macro   0x00011fc5      0x184 ./src/Timer.o
 .debug_macro   0x00012149       0x10 ./src/Timer.o
 .debug_macro   0x00012159      0x426 ./src/main.o
 .debug_macro   0x0001257f      0x120 ./src/main.o
 .debug_macro   0x0001269f       0x34 ./src/main.o
 .debug_macro   0x000126d3      0x2ee ./src/stm32f10x_it.o
 .debug_macro   0x000129c1      0x126 ./src/stm32f10x_it.o
 .debug_macro   0x00012ae7      0x2e3 ./src/usart.o
 .debug_macro   0x00012dca       0x10 ./src/usart.o
