Archive member included to satisfy reference by file (symbol)

/home/clover/TOOLS/gcc-arm-none-eabi-5_3-2016q1/bin/../lib/gcc/arm-none-eabi/5.3.1/armv7-m/libgcc.a(_arm_addsubdf3.o)
                              ./src/main.o (__aeabi_f2d)
/home/clover/TOOLS/gcc-arm-none-eabi-5_3-2016q1/bin/../lib/gcc/arm-none-eabi/5.3.1/armv7-m/libgcc.a(_arm_muldivdf3.o)
                              ./src/main.o (__aeabi_dmul)
/home/clover/TOOLS/gcc-arm-none-eabi-5_3-2016q1/bin/../lib/gcc/arm-none-eabi/5.3.1/armv7-m/libgcc.a(_arm_addsubsf3.o)
                              ./src/main.o (__aeabi_i2f)
/home/clover/TOOLS/gcc-arm-none-eabi-5_3-2016q1/bin/../lib/gcc/arm-none-eabi/5.3.1/../../../../arm-none-eabi/lib/armv7-m/libg_nano.a(lib_a-errno.o)
                              ./system/src/newlib/_sbrk.o (__errno)
/home/clover/TOOLS/gcc-arm-none-eabi-5_3-2016q1/bin/../lib/gcc/arm-none-eabi/5.3.1/../../../../arm-none-eabi/lib/armv7-m/libg_nano.a(lib_a-impure.o)
                              /home/clover/TOOLS/gcc-arm-none-eabi-5_3-2016q1/bin/../lib/gcc/arm-none-eabi/5.3.1/../../../../arm-none-eabi/lib/armv7-m/libg_nano.a(lib_a-errno.o) (_impure_ptr)
/home/clover/TOOLS/gcc-arm-none-eabi-5_3-2016q1/bin/../lib/gcc/arm-none-eabi/5.3.1/../../../../arm-none-eabi/lib/armv7-m/libg_nano.a(lib_a-strlen.o)
                              ./system/src/diag/Trace.o (strlen)
/home/clover/TOOLS/gcc-arm-none-eabi-5_3-2016q1/bin/../lib/gcc/arm-none-eabi/5.3.1/../../../../arm-none-eabi/lib/armv7-m/libg_nano.a(lib_a-vsnprintf.o)
                              ./system/src/diag/Trace.o (vsnprintf)
/home/clover/TOOLS/gcc-arm-none-eabi-5_3-2016q1/bin/../lib/gcc/arm-none-eabi/5.3.1/../../../../arm-none-eabi/lib/armv7-m/libg_nano.a(lib_a-nano-svfprintf.o)
                              /home/clover/TOOLS/gcc-arm-none-eabi-5_3-2016q1/bin/../lib/gcc/arm-none-eabi/5.3.1/../../../../arm-none-eabi/lib/armv7-m/libg_nano.a(lib_a-vsnprintf.o) (_svfprintf_r)
/home/clover/TOOLS/gcc-arm-none-eabi-5_3-2016q1/bin/../lib/gcc/arm-none-eabi/5.3.1/../../../../arm-none-eabi/lib/armv7-m/libg_nano.a(lib_a-nano-vfprintf_i.o)
                              /home/clover/TOOLS/gcc-arm-none-eabi-5_3-2016q1/bin/../lib/gcc/arm-none-eabi/5.3.1/../../../../arm-none-eabi/lib/armv7-m/libg_nano.a(lib_a-nano-svfprintf.o) (_printf_i)
/home/clover/TOOLS/gcc-arm-none-eabi-5_3-2016q1/bin/../lib/gcc/arm-none-eabi/5.3.1/../../../../arm-none-eabi/lib/armv7-m/libg_nano.a(lib_a-memchr-stub.o)
                              /home/clover/TOOLS/gcc-arm-none-eabi-5_3-2016q1/bin/../lib/gcc/arm-none-eabi/5.3.1/../../../../arm-none-eabi/lib/armv7-m/libg_nano.a(lib_a-nano-svfprintf.o) (memchr)
/home/clover/TOOLS/gcc-arm-none-eabi-5_3-2016q1/bin/../lib/gcc/arm-none-eabi/5.3.1/../../../../arm-none-eabi/lib/armv7-m/libg_nano.a(lib_a-memcpy-stub.o)
                              /home/clover/TOOLS/gcc-arm-none-eabi-5_3-2016q1/bin/../lib/gcc/arm-none-eabi/5.3.1/../../../../arm-none-eabi/lib/armv7-m/libg_nano.a(lib_a-nano-svfprintf.o) (memcpy)
/home/clover/TOOLS/gcc-arm-none-eabi-5_3-2016q1/bin/../lib/gcc/arm-none-eabi/5.3.1/../../../../arm-none-eabi/lib/armv7-m/libg_nano.a(lib_a-memmove.o)
                              /home/clover/TOOLS/gcc-arm-none-eabi-5_3-2016q1/bin/../lib/gcc/arm-none-eabi/5.3.1/../../../../arm-none-eabi/lib/armv7-m/libg_nano.a(lib_a-nano-svfprintf.o) (memmove)
/home/clover/TOOLS/gcc-arm-none-eabi-5_3-2016q1/bin/../lib/gcc/arm-none-eabi/5.3.1/../../../../arm-none-eabi/lib/armv7-m/libg_nano.a(lib_a-nano-freer.o)
                              /home/clover/TOOLS/gcc-arm-none-eabi-5_3-2016q1/bin/../lib/gcc/arm-none-eabi/5.3.1/../../../../arm-none-eabi/lib/armv7-m/libg_nano.a(lib_a-nano-svfprintf.o) (_free_r)
/home/clover/TOOLS/gcc-arm-none-eabi-5_3-2016q1/bin/../lib/gcc/arm-none-eabi/5.3.1/../../../../arm-none-eabi/lib/armv7-m/libg_nano.a(lib_a-nano-mallocr.o)
                              /home/clover/TOOLS/gcc-arm-none-eabi-5_3-2016q1/bin/../lib/gcc/arm-none-eabi/5.3.1/../../../../arm-none-eabi/lib/armv7-m/libg_nano.a(lib_a-nano-svfprintf.o) (_malloc_r)
/home/clover/TOOLS/gcc-arm-none-eabi-5_3-2016q1/bin/../lib/gcc/arm-none-eabi/5.3.1/../../../../arm-none-eabi/lib/armv7-m/libg_nano.a(lib_a-nano-reallocr.o)
                              /home/clover/TOOLS/gcc-arm-none-eabi-5_3-2016q1/bin/../lib/gcc/arm-none-eabi/5.3.1/../../../../arm-none-eabi/lib/armv7-m/libg_nano.a(lib_a-nano-svfprintf.o) (_realloc_r)
/home/clover/TOOLS/gcc-arm-none-eabi-5_3-2016q1/bin/../lib/gcc/arm-none-eabi/5.3.1/../../../../arm-none-eabi/lib/armv7-m/libg_nano.a(lib_a-sbrkr.o)
                              /home/clover/TOOLS/gcc-arm-none-eabi-5_3-2016q1/bin/../lib/gcc/arm-none-eabi/5.3.1/../../../../arm-none-eabi/lib/armv7-m/libg_nano.a(lib_a-nano-mallocr.o) (_sbrk_r)
/home/clover/TOOLS/gcc-arm-none-eabi-5_3-2016q1/bin/../lib/gcc/arm-none-eabi/5.3.1/../../../../arm-none-eabi/lib/armv7-m/libg_nano.a(lib_a-nano-msizer.o)
[...]
Memory Configuration

Name             Origin             Length             Attributes
RAM              0x20000000         0x00005000         xrw
CCMRAM           0x00000000         0x00000000         xrw
FLASH            0x08000000         0x00020000         xr
FLASHB1          0x00000000         0x00000000         xr
EXTMEMB0         0x00000000         0x00000000         xr
EXTMEMB1         0x00000000         0x00000000         xr
EXTMEMB2         0x00000000         0x00000000         xr
EXTMEMB3         0x00000000         0x00000000         xr
MEMORY_ARRAY     0x00000000         0x00000000         xrw
*default*        0x00000000         0xffffffff

Linker script and memory map

LOAD ./system/src/stm32f1-stdperiph/misc.o
LOAD ./system/src/stm32f1-stdperiph/stm32f10x_adc.o
LOAD ./system/src/stm32f1-stdperiph/stm32f10x_bkp.o
LOAD ./system/src/stm32f1-stdperiph/stm32f10x_can.o
LOAD ./system/src/stm32f1-stdperiph/stm32f10x_cec.o
LOAD ./system/src/stm32f1-stdperiph/stm32f10x_crc.o
LOAD ./system/src/stm32f1-stdperiph/stm32f10x_dac.o
LOAD ./system/src/stm32f1-stdperiph/stm32f10x_dbgmcu.o
LOAD ./system/src/stm32f1-stdperiph/stm32f10x_dma.o
LOAD ./system/src/stm32f1-stdperiph/stm32f10x_exti.o
LOAD ./system/src/stm32f1-stdperiph/stm32f10x_flash.o
LOAD ./system/src/stm32f1-stdperiph/stm32f10x_fsmc.o
LOAD ./system/src/stm32f1-stdperiph/stm32f10x_gpio.o
LOAD ./system/src/stm32f1-stdperiph/stm32f10x_i2c.o
LOAD ./system/src/stm32f1-stdperiph/stm32f10x_iwdg.o
LOAD ./system/src/stm32f1-stdperiph/stm32f10x_pwr.o
LOAD ./system/src/stm32f1-stdperiph/stm32f10x_rcc.o
LOAD ./system/src/stm32f1-stdperiph/stm32f10x_rtc.o
LOAD ./system/src/stm32f1-stdperiph/stm32f10x_sdio.o
LOAD ./system/src/stm32f1-stdperiph/stm32f10x_spi.o
LOAD ./system/src/stm32f1-stdperiph/stm32f10x_tim.o
LOAD ./system/src/stm32f1-stdperiph/stm32f10x_usart.o
LOAD ./system/src/stm32f1-stdperiph/stm32f10x_wwdg.o
LOAD ./system/src/newlib/_cxx.o
LOAD ./system/src/newlib/_exit.o
LOAD ./system/src/newlib/_sbrk.o
LOAD ./system/src/newlib/_startup.o
LOAD ./system/src/newlib/_syscalls.o
LOAD ./system/src/newlib/assert.o
LOAD ./system/src/diag/Trace.o
LOAD ./system/src/diag/trace_impl.o
LOAD ./system/src/cortexm/_initialize_hardware.o
LOAD ./system/src/cortexm/_reset_hardware.o
LOAD ./system/src/cortexm/exception_handlers.o
LOAD ./system/src/cmsis/system_stm32f10x.o
LOAD ./system/src/cmsis/vectors_stm32f10x.o
LOAD ./src/BlinkLed.o
LOAD ./src/Timer.o
LOAD ./src/_write.o
LOAD ./src/main.o
LOAD /home/clover/TOOLS/gcc-arm-none-eabi-5_3-2016q1/bin/../lib/gcc/arm-none-eabi/5.3.1/../../../../arm-none-eabi/lib/armv7-m/libstdc++_nano.a
LOAD /home/clover/TOOLS/gcc-arm-none-eabi-5_3-2016q1/bin/../lib/gcc/arm-none-eabi/5.3.1/../../../../arm-none-eabi/lib/armv7-m/libm.a
START GROUP
LOAD /home/clover/TOOLS/gcc-arm-none-eabi-5_3-2016q1/bin/../lib/gcc/arm-none-eabi/5.3.1/armv7-m/libgcc.a
LOAD /home/clover/TOOLS/gcc-arm-none-eabi-5_3-2016q1/bin/../lib/gcc/arm-none-eabi/5.3.1/../../../../arm-none-eabi/lib/armv7-m/libg_nano.a
LOAD /home/clover/TOOLS/gcc-arm-none-eabi-5_3-2016q1/bin/../lib/gcc/arm-none-eabi/5.3.1/../../../../arm-none-eabi/lib/armv7-m/libc_nano.a
END GROUP
START GROUP
LOAD /home/clover/TOOLS/gcc-arm-none-eabi-5_3-2016q1/bin/../lib/gcc/arm-none-eabi/5.3.1/armv7-m/libgcc.a
LOAD /home/clover/TOOLS/gcc-arm-none-eabi-5_3-2016q1/bin/../lib/gcc/arm-none-eabi/5.3.1/../../../../arm-none-eabi/lib/armv7-m/libc_nano.a
END GROUP
                0x20005000                __stack = (ORIGIN (RAM) + LENGTH (RAM))
                0x20005000                _estack = __stack
                0x00000400                __Main_Stack_Size = 0x400
                [!provide]                PROVIDE (_Main_Stack_Size, __Main_Stack_Size)
                0x20004c00                __Main_Stack_Limit = (__stack - __Main_Stack_Size)
                [!provide]                PROVIDE (_Main_Stack_Limit, __Main_Stack_Limit)
                0x00000100                _Minimum_Stack_Size = 0x100
                0x20000130                PROVIDE (_Heap_Begin, _end_noinit)
                0x20004c00                PROVIDE (_Heap_Limit, (__stack - __Main_Stack_Size))

.isr_vector     0x08000000      0x354
 FILL mask 0xff
                0x08000000                __vectors_start = ABSOLUTE (.)
                0x08000000                __vectors_start__ = ABSOLUTE (.)
 *(.isr_vector)
 .isr_vector    0x08000000      0x10c ./system/src/cmsis/vectors_stm32f10x.o
                0x08000000                __isr_vectors
 *(.cfmconfig)
 *(.after_vectors .after_vectors.*)
 .after_vectors
                0x0800010c      0x114 ./system/src/newlib/_startup.o
                0x0800010c                _start
 .after_vectors
                0x08000220      0x130 ./system/src/cortexm/exception_handlers.o
                0x08000220                Reset_Handler
                0x08000228                NMI_Handler
                0x0800022c                HardFault_Handler
                0x08000240                HardFault_Handler_C
                0x080002a0                MemManage_Handler
                0x080002a4                BusFault_Handler
                0x080002b8                BusFault_Handler_C
                0x080002ec                UsageFault_Handler
                0x08000300                UsageFault_Handler_C
                0x08000334                SVC_Handler
                0x08000338                DebugMon_Handler
                0x0800033c                PendSV_Handler
 .after_vectors
                0x08000350        0x4 ./system/src/cmsis/vectors_stm32f10x.o
                0x08000350                EXTI2_IRQHandler
                0x08000350                TIM8_TRG_COM_IRQHandler
                0x08000350                TIM8_CC_IRQHandler
                0x08000350                TIM1_CC_IRQHandler
                0x08000350                TIM6_IRQHandler
                0x08000350                PVD_IRQHandler
                0x08000350                SDIO_IRQHandler
                0x08000350                CAN2_RX1_IRQHandler
                0x08000350                EXTI3_IRQHandler
                0x08000350                TIM8_TRG_COM_TIM14_IRQHandler
                0x08000350                TIM1_UP_TIM10_IRQHandler
                0x08000350                TIM8_UP_TIM13_IRQHandler
                0x08000350                EXTI0_IRQHandler
                0x08000350                I2C2_EV_IRQHandler
                0x08000350                CAN1_RX0_IRQHandler
                0x08000350                TIM1_UP_TIM16_IRQHandler
                0x08000350                CAN2_SCE_IRQHandler
                0x08000350                ADC1_2_IRQHandler
                0x08000350                SPI1_IRQHandler
                0x08000350                TAMPER_IRQHandler
                0x08000350                TIM6_DAC_IRQHandler
                0x08000350                TIM1_BRK_TIM9_IRQHandler
                0x08000350                CAN2_RX0_IRQHandler
                0x08000350                TIM8_UP_IRQHandler
                0x08000350                DMA2_Channel2_IRQHandler
                0x08000350                DMA1_Channel4_IRQHandler
                0x08000350                USART3_IRQHandler
                0x08000350                RTC_IRQHandler
                0x08000350                DMA1_Channel7_IRQHandler
                0x08000350                CAN1_RX1_IRQHandler
                0x08000350                UART5_IRQHandler
                0x08000350                ADC3_IRQHandler
                0x08000350                TIM4_IRQHandler
                0x08000350                DMA2_Channel1_IRQHandler
                0x08000350                I2C1_EV_IRQHandler
                0x08000350                DMA1_Channel6_IRQHandler
                0x08000350                UART4_IRQHandler
                0x08000350                DMA2_Channel4_IRQHandler
                0x08000350                TIM3_IRQHandler
                0x08000350                RCC_IRQHandler
                0x08000350                TIM8_BRK_TIM12_IRQHandler
                0x08000350                TIM1_TRG_COM_IRQHandler
                0x08000350                DMA1_Channel1_IRQHandler
                0x08000350                Default_Handler
                0x08000350                CEC_IRQHandler
                0x08000350                EXTI15_10_IRQHandler
                0x08000350                TIM14_IRQHandler
                0x08000350                TIM13_IRQHandler
                0x08000350                TIM12_IRQHandler
                0x08000350                TIM7_IRQHandler
                0x08000350                CAN2_TX_IRQHandler
                0x08000350                TIM5_IRQHandler
                0x08000350                EXTI9_5_IRQHandler
                0x08000350                ETH_WKUP_IRQHandler
                0x08000350                SPI2_IRQHandler
                0x08000350                CAN1_TX_IRQHandler
                0x08000350                DMA2_Channel5_IRQHandler
                0x08000350                DMA1_Channel5_IRQHandler
                0x08000350                EXTI4_IRQHandler
                0x08000350                USB_LP_CAN1_RX0_IRQHandler
                0x08000350                TIM1_TRG_COM_TIM17_IRQHandler
                0x08000350                USB_HP_CAN1_TX_IRQHandler
                0x08000350                DMA1_Channel3_IRQHandler
                0x08000350                FSMC_IRQHandler
                0x08000350                ETH_IRQHandler
                0x08000350                TIM1_UP_IRQHandler
                0x08000350                WWDG_IRQHandler
                0x08000350                TIM2_IRQHandler
                0x08000350                OTG_FS_WKUP_IRQHandler
                0x08000350                TIM1_TRG_COM_TIM11_IRQHandler
                0x08000350                TIM1_BRK_IRQHandler
                0x08000350                EXTI1_IRQHandler
                0x08000350                RTCAlarm_IRQHandler
                0x08000350                DMA2_Channel4_5_IRQHandler
                0x08000350                USART2_IRQHandler
                0x08000350                I2C2_ER_IRQHandler
                0x08000350                DMA1_Channel2_IRQHandler
                0x08000350                TIM8_BRK_IRQHandler
                0x08000350                CAN1_SCE_IRQHandler
                0x08000350                FLASH_IRQHandler
                0x08000350                USART1_IRQHandler
                0x08000350                OTG_FS_IRQHandler
                0x08000350                SPI3_IRQHandler
                0x08000350                I2C1_ER_IRQHandler
                0x08000350                USBWakeUp_IRQHandler
                0x08000350                DMA2_Channel3_IRQHandler
                0x08000350                TIM1_BRK_TIM15_IRQHandler

.inits          0x08000354       0x28
                0x08000354                __data_regions_array_start = .
                0x08000354        0x4 LONG 0x8002088 LOADADDR (.data)
                0x08000358        0x4 LONG 0x20000000 ADDR (.data)
                0x0800035c        0x4 LONG 0x20000088 (ADDR (.data) + SIZEOF (.data))
                0x08000360        0x4 LONG 0x8002088 LOADADDR (.data_CCMRAM)
                0x08000364        0x4 LONG 0x0 ADDR (.data_CCMRAM)
                0x08000368        0x4 LONG 0x0 (ADDR (.data_CCMRAM) + SIZEOF (.data_CCMRAM))
                0x0800036c                __data_regions_array_end = .
                0x0800036c                __bss_regions_array_start = .
                0x0800036c        0x4 LONG 0x20000088 ADDR (.bss)
                0x08000370        0x4 LONG 0x20000130 (ADDR (.bss) + SIZEOF (.bss))
                0x08000374        0x4 LONG 0x0 ADDR (.bss_CCMRAM)
                0x08000378        0x4 LONG 0x0 (ADDR (.bss_CCMRAM) + SIZEOF (.bss_CCMRAM))
                0x0800037c                __bss_regions_array_end = .
 *(.init)
 *(.fini)
                0x0800037c                . = ALIGN (0x4)
                0x0800037c                PROVIDE (__preinit_array_start, .)
 *(.preinit_array_sysinit .preinit_array_sysinit.*)
 *(.preinit_array_platform .preinit_array_platform.*)
 *(.preinit_array .preinit_array.*)
                0x0800037c                PROVIDE (__preinit_array_end, .)
                0x0800037c                . = ALIGN (0x4)
                0x0800037c                PROVIDE (__init_array_start, .)
 *(SORT(.init_array.*))
 *(.init_array)
                0x0800037c                PROVIDE (__init_array_end, .)
                0x0800037c                . = ALIGN (0x4)
                0x0800037c                PROVIDE (__fini_array_start, .)
 *(SORT(.fini_array.*))
 *(.fini_array)
                0x0800037c                PROVIDE (__fini_array_end, .)

.flashtext
 *(.flashtext .flashtext.*)

.text           0x0800037c     0x1d09
 *(.text .text.*)
 .text.GPIO_Init
                0x0800037c      0x128 ./system/src/stm32f1-stdperiph/stm32f10x_gpio.o
                0x0800037c                GPIO_Init
 .text.GPIO_SetBits
                0x080004a4       0x60 ./system/src/stm32f1-stdperiph/stm32f10x_gpio.o
                0x080004a4                GPIO_SetBits
 .text.GPIO_ResetBits
                0x08000504       0x60 ./system/src/stm32f1-stdperiph/stm32f10x_gpio.o
                0x08000504                GPIO_ResetBits
 .text.RCC_APB2PeriphClockCmd
                0x08000564       0x4c ./system/src/stm32f1-stdperiph/stm32f10x_rcc.o
                0x08000564                RCC_APB2PeriphClockCmd
 .text._exit    0x080005b0        0x4 ./system/src/newlib/_exit.o
                0x080005b0                _exit
 .text.abort    0x080005b4       0x14 ./system/src/newlib/_exit.o
                0x080005b4                abort
 .text._sbrk    0x080005c8       0x44 ./system/src/newlib/_sbrk.o
                0x080005c8                _sbrk
 .text.__initialize_args
                0x0800060c       0x10 ./system/src/newlib/_syscalls.o
                0x0800060c                __initialize_args
 .text.assert_failed
                0x0800061c       0x14 ./system/src/newlib/assert.o
                0x0800061c                assert_failed
 .text.trace_printf
                0x08000630       0x30 ./system/src/diag/Trace.o
                0x08000630                trace_printf
 .text.trace_puts
                0x08000660       0x20 ./system/src/diag/Trace.o
                0x08000660                trace_puts
 .text._trace_write_semihosting_debug
                0x08000680       0x64 ./system/src/diag/trace_impl.o
 .text.trace_write
                0x080006e4        0x8 ./system/src/diag/trace_impl.o
                0x080006e4                trace_write
 .text.__initialize_hardware_early
                0x080006ec       0x18 ./system/src/cortexm/_initialize_hardware.o
                0x080006ec                __initialize_hardware_early
 .text.__initialize_hardware
                0x08000704        0x8 ./system/src/cortexm/_initialize_hardware.o
                0x08000704                __initialize_hardware
 .text.dumpExceptionStack
                0x0800070c       0xf0 ./system/src/cortexm/exception_handlers.o
                0x0800070c                dumpExceptionStack
 .text.isSemihosting
                0x080007fc       0x20 ./system/src/cortexm/exception_handlers.o
                0x080007fc                isSemihosting
 .text.SetSysClockTo72
                0x0800081c       0xc4 ./system/src/cmsis/system_stm32f10x.o
 .text.SetSysClock
                0x080008e0        0x8 ./system/src/cmsis/system_stm32f10x.o
 .text.SystemInit
                0x080008e8       0x50 ./system/src/cmsis/system_stm32f10x.o
                0x080008e8                SystemInit
 .text.SystemCoreClockUpdate
                0x08000938       0x94 ./system/src/cmsis/system_stm32f10x.o
                0x08000938                SystemCoreClockUpdate
 .text.blink_led_init
                0x080009cc       0x38 ./src/BlinkLed.o
                0x080009cc                blink_led_init
 .text.timer_start
                0x08000a04       0x3c ./src/Timer.o
                0x08000a04                timer_start
 .text.timer_sleep
                0x08000a40       0x14 ./src/Timer.o
                0x08000a40                timer_sleep
 .text.timer_tick
                0x08000a54       0x14 ./src/Timer.o
                0x08000a54                timer_tick
 .text.SysTick_Handler
                0x08000a68        0x8 ./src/Timer.o
                0x08000a68                SysTick_Handler
 .text.CalcNanosecondsFromStopwatch
                0x08000a70       0x24 ./src/main.o
                0x08000a70                CalcNanosecondsFromStopwatch
 .text.main     0x08000a94       0xc0 ./src/main.o
                0x08000a94                main
 .text          0x08000b54      0x370 /home/clover/TOOLS/gcc-arm-none-eabi-5_3-2016q1/bin/../lib/gcc/arm-none-eabi/5.3.1/armv7-m/libgcc.a(_arm_addsubdf3.o)
                0x08000b54                __aeabi_drsub
                0x08000b5c                __aeabi_dsub
                0x08000b5c                __subdf3
                0x08000b60                __adddf3
                0x08000b60                __aeabi_dadd
                0x08000dd8                __aeabi_ui2d
                0x08000dd8                __floatunsidf
                0x08000df8                __floatsidf
                0x08000df8                __aeabi_i2d
                0x08000e1c                __extendsfdf2
                0x08000e1c                __aeabi_f2d
                0x08000e58                __aeabi_ul2d
                0x08000e58                __floatundidf
                0x08000e68                __floatdidf
                0x08000e68                __aeabi_l2d
 .text          0x08000ec4      0x424 /home/clover/TOOLS/gcc-arm-none-eabi-5_3-2016q1/bin/../lib/gcc/arm-none-eabi/5.3.1/armv7-m/libgcc.a(_arm_muldivdf3.o)
                0x08000ec4                __aeabi_dmul
                0x08000ec4                __muldf3
                0x08001118                __aeabi_ddiv
                0x08001118                __divdf3
 .text          0x080012e8      0x21c /home/clover/TOOLS/gcc-arm-none-eabi-5_3-2016q1/bin/../lib/gcc/arm-none-eabi/5.3.1/armv7-m/libgcc.a(_arm_addsubsf3.o)
                0x080012e8                __aeabi_frsub
                0x080012f0                __subsf3
                0x080012f0                __aeabi_fsub
                0x080012f4                __aeabi_fadd
                0x080012f4                __addsf3
                0x08001454                __aeabi_ui2f
                0x08001454                __floatunsisf
                0x0800145c                __aeabi_i2f
                0x0800145c                __floatsisf
                0x08001478                __floatundisf
                0x08001478                __aeabi_ul2f
                0x08001488                __floatdisf
                0x08001488                __aeabi_l2f
 .text.__errno  0x08001504        0xc /home/clover/TOOLS/gcc-arm-none-eabi-5_3-2016q1/bin/../lib/gcc/arm-none-eabi/5.3.1/../../../../arm-none-eabi/lib/armv7-m/libg_nano.a(lib_a-errno.o)
                0x08001504                __errno
 .text          0x08001510       0x10 /home/clover/TOOLS/gcc-arm-none-eabi-5_3-2016q1/bin/../lib/gcc/arm-none-eabi/5.3.1/../../../../arm-none-eabi/lib/armv7-m/libg_nano.a(lib_a-strlen.o)
                0x08001510                strlen
 .text._vsnprintf_r
                0x08001520       0x56 /home/clover/TOOLS/gcc-arm-none-eabi-5_3-2016q1/bin/../lib/gcc/arm-none-eabi/5.3.1/../../../../arm-none-eabi/lib/armv7-m/libg_nano.a(lib_a-vsnprintf.o)
                0x08001520                _vsnprintf_r
                0x08001520                _vsniprintf_r
 *fill*         0x08001576        0x2 
 .text.vsnprintf
                0x08001578       0x1c /home/clover/TOOLS/gcc-arm-none-eabi-5_3-2016q1/bin/../lib/gcc/arm-none-eabi/5.3.1/../../../../arm-none-eabi/lib/armv7-m/libg_nano.a(lib_a-vsnprintf.o)
                0x08001578                vsnprintf
                0x08001578                vsniprintf
 .text.__ssputs_r
                0x08001594       0xb2 /home/clover/TOOLS/gcc-arm-none-eabi-5_3-2016q1/bin/../lib/gcc/arm-none-eabi/5.3.1/../../../../arm-none-eabi/lib/armv7-m/libg_nano.a(lib_a-nano-svfprintf.o)
                0x08001594                __ssputs_r
 *fill*         0x08001646        0x2 
 .text._svfprintf_r
                0x08001648      0x1e8 /home/clover/TOOLS/gcc-arm-none-eabi-5_3-2016q1/bin/../lib/gcc/arm-none-eabi/5.3.1/../../../../arm-none-eabi/lib/armv7-m/libg_nano.a(lib_a-nano-svfprintf.o)
                0x08001648                _svfprintf_r
                0x08001648                _svfiprintf_r
 .text._printf_common
                0x08001830       0xec /home/clover/TOOLS/gcc-arm-none-eabi-5_3-2016q1/bin/../lib/gcc/arm-none-eabi/5.3.1/../../../../arm-none-eabi/lib/armv7-m/libg_nano.a(lib_a-nano-vfprintf_i.o)
                0x08001830                _printf_common
 .text._printf_i
                0x0800191c      0x24c /home/clover/TOOLS/gcc-arm-none-eabi-5_3-2016q1/bin/../lib/gcc/arm-none-eabi/5.3.1/../../../../arm-none-eabi/lib/armv7-m/libg_nano.a(lib_a-nano-vfprintf_i.o)
                0x0800191c                _printf_i
 .text.memchr   0x08001b68       0x1c /home/clover/TOOLS/gcc-arm-none-eabi-5_3-2016q1/bin/../lib/gcc/arm-none-eabi/5.3.1/../../../../arm-none-eabi/lib/armv7-m/libg_nano.a(lib_a-memchr-stub.o)
                0x08001b68                memchr
 .text.memcpy   0x08001b84       0x16 /home/clover/TOOLS/gcc-arm-none-eabi-5_3-2016q1/bin/../lib/gcc/arm-none-eabi/5.3.1/../../../../arm-none-eabi/lib/armv7-m/libg_nano.a(lib_a-memcpy-stub.o)
                0x08001b84                memcpy
 .text.memmove  0x08001b9a       0x36 /home/clover/TOOLS/gcc-arm-none-eabi-5_3-2016q1/bin/../lib/gcc/arm-none-eabi/5.3.1/../../../../arm-none-eabi/lib/armv7-m/libg_nano.a(lib_a-memmove.o)
                0x08001b9a                memmove
 .text._free_r  0x08001bd0       0x88 /home/clover/TOOLS/gcc-arm-none-eabi-5_3-2016q1/bin/../lib/gcc/arm-none-eabi/5.3.1/../../../../arm-none-eabi/lib/armv7-m/libg_nano.a(lib_a-nano-freer.o)
                0x08001bd0                _free_r
 .text._malloc_r
                0x08001c58       0xa8 /home/clover/TOOLS/gcc-arm-none-eabi-5_3-2016q1/bin/../lib/gcc/arm-none-eabi/5.3.1/../../../../arm-none-eabi/lib/armv7-m/libg_nano.a(lib_a-nano-mallocr.o)
                0x08001c58                _malloc_r
 .text._realloc_r
                0x08001d00       0x4c /home/clover/TOOLS/gcc-arm-none-eabi-5_3-2016q1/bin/../lib/gcc/arm-none-eabi/5.3.1/../../../../arm-none-eabi/lib/armv7-m/libg_nano.a(lib_a-nano-reallocr.o)
                0x08001d00                _realloc_r
 .text._sbrk_r  0x08001d4c       0x20 /home/clover/TOOLS/gcc-arm-none-eabi-5_3-2016q1/bin/../lib/gcc/arm-none-eabi/5.3.1/../../../../arm-none-eabi/lib/armv7-m/libg_nano.a(lib_a-sbrkr.o)
                0x08001d4c                _sbrk_r
 .text._malloc_usable_size_r
                0x08001d6c       0x14 /home/clover/TOOLS/gcc-arm-none-eabi-5_3-2016q1/bin/../lib/gcc/arm-none-eabi/5.3.1/../../../../arm-none-eabi/lib/armv7-m/libg_nano.a(lib_a-nano-msizer.o)
                0x08001d6c                _malloc_usable_size_r
 *(.rodata .rodata.* .constdata .constdata.*)
 .rodata.str1.4
                0x08001d80       0x31 ./system/src/stm32f1-stdperiph/stm32f10x_gpio.o
 *fill*         0x08001db1        0x3 
 .rodata.str1.4
                0x08001db4       0x30 ./system/src/stm32f1-stdperiph/stm32f10x_rcc.o
 .rodata.str1.4
                0x08001de4       0x14 ./system/src/newlib/_exit.o
 .rodata.str1.4
                0x08001df8       0x6b ./system/src/newlib/assert.o
                                 0x6f (size before relaxing)
 *fill*         0x08001e63        0x1 
 .rodata.str1.4
                0x08001e64       0x29 ./system/src/diag/Trace.o
                                 0x2d (size before relaxing)
 *fill*         0x08001e8d        0x3 
 .rodata.str1.4
                0x08001e90      0x146 ./system/src/cortexm/exception_handlers.o
 *fill*         0x08001fd6        0x2 
 .rodata.str1.4
                0x08001fd8       0x78 ./src/main.o
                                 0x77 (size before relaxing)
 .rodata.str1.1
                0x08002050        0x2 /home/clover/TOOLS/gcc-arm-none-eabi-5_3-2016q1/bin/../lib/gcc/arm-none-eabi/5.3.1/../../../../arm-none-eabi/lib/armv7-m/libg_nano.a(lib_a-impure.o)
 .rodata.str1.1
                0x08002052       0x11 /home/clover/TOOLS/gcc-arm-none-eabi-5_3-2016q1/bin/../lib/gcc/arm-none-eabi/5.3.1/../../../../arm-none-eabi/lib/armv7-m/libg_nano.a(lib_a-nano-svfprintf.o)
 .rodata.str1.1
                0x08002063       0x22 /home/clover/TOOLS/gcc-arm-none-eabi-5_3-2016q1/bin/../lib/gcc/arm-none-eabi/5.3.1/../../../../arm-none-eabi/lib/armv7-m/libg_nano.a(lib_a-nano-vfprintf_i.o)
 *(vtable)
 *(.eh_frame*)
 *(.glue_7)
 .glue_7        0x08002085        0x0 linker stubs
 *(.glue_7t)
 .glue_7t       0x08002085        0x0 linker stubs

.vfp11_veneer   0x08002088        0x0
 .vfp11_veneer  0x08002088        0x0 linker stubs

.v4_bx          0x08002088        0x0
 .v4_bx         0x08002088        0x0 linker stubs

.iplt           0x08002088        0x0
 .iplt          0x08002088        0x0 ./system/src/stm32f1-stdperiph/misc.o

.rel.dyn        0x08002088        0x0
 .rel.iplt      0x08002088        0x0 ./system/src/stm32f1-stdperiph/misc.o

.ARM.extab
 *(.ARM.extab* .gnu.linkonce.armextab.*)
                0x08002088                . = ALIGN (0x4)
                0x08002088                __exidx_start = .

.ARM.exidx
 *(.ARM.exidx* .gnu.linkonce.armexidx.*)
                0x08002088                __exidx_end = .
                0x08002088                . = ALIGN (0x4)
                0x08002088                _etext = .
                0x08002088                __etext = .

.data_CCMRAM    0x00000000        0x0 load address 0x08002088
 FILL mask 0xff
 *(.data.CCMRAM .data.CCMRAM.*)
                0x00000000                . = ALIGN (0x4)
                0x08002088                _sidata = LOADADDR (.data)

.data           0x20000000       0x88 load address 0x08002088
 FILL mask 0xff
                0x20000000                _sdata = .
                0x20000000                __data_start__ = .
 *(.data_begin .data_begin.*)
 .data_begin    0x20000000        0x4 ./system/src/newlib/_startup.o
 *(.data .data.*)
 .data.argv.4255
                0x20000004        0x8 ./system/src/newlib/_syscalls.o
 .data.AHBPrescTable
                0x2000000c       0x10 ./system/src/cmsis/system_stm32f10x.o
                0x2000000c                AHBPrescTable
 .data.SystemCoreClock
                0x2000001c        0x4 ./system/src/cmsis/system_stm32f10x.o
                0x2000001c                SystemCoreClock
 .data.impure_data
                0x20000020       0x60 /home/clover/TOOLS/gcc-arm-none-eabi-5_3-2016q1/bin/../lib/gcc/arm-none-eabi/5.3.1/../../../../arm-none-eabi/lib/armv7-m/libg_nano.a(lib_a-impure.o)
 .data._impure_ptr
                0x20000080        0x4 /home/clover/TOOLS/gcc-arm-none-eabi-5_3-2016q1/bin/../lib/gcc/arm-none-eabi/5.3.1/../../../../arm-none-eabi/lib/armv7-m/libg_nano.a(lib_a-impure.o)
                0x20000080                _impure_ptr
 *(.data_end .data_end.*)
 .data_end      0x20000084        0x4 ./system/src/newlib/_startup.o
                0x20000088                . = ALIGN (0x4)
                0x20000088                _edata = .
                0x20000088                __data_end__ = .

.igot.plt       0x20000088        0x0 load address 0x08002110
 .igot.plt      0x20000088        0x0 ./system/src/stm32f1-stdperiph/misc.o

.bss_CCMRAM     0x00000000        0x0
 *(.bss.CCMRAM .bss.CCMRAM.*)

.bss            0x20000088       0xa8
                0x20000088                __bss_start__ = .
                0x20000088                _sbss = .
 *(.bss_begin .bss_begin.*)
 .bss_begin     0x20000088        0x4 ./system/src/newlib/_startup.o
 *(.bss .bss.*)
 .bss.current_heap_end.3946
                0x2000008c        0x4 ./system/src/newlib/_sbrk.o
 .bss.name.4254
                0x20000090        0x1 ./system/src/newlib/_syscalls.o
 *fill*         0x20000091        0x3 
 .bss.buf.5140  0x20000094       0x80 ./system/src/diag/Trace.o
 .bss.__malloc_sbrk_start
                0x20000114        0x4 /home/clover/TOOLS/gcc-arm-none-eabi-5_3-2016q1/bin/../lib/gcc/arm-none-eabi/5.3.1/../../../../arm-none-eabi/lib/armv7-m/libg_nano.a(lib_a-nano-mallocr.o)
                0x20000114                __malloc_sbrk_start
 .bss.__malloc_free_list
                0x20000118        0x4 /home/clover/TOOLS/gcc-arm-none-eabi-5_3-2016q1/bin/../lib/gcc/arm-none-eabi/5.3.1/../../../../arm-none-eabi/lib/armv7-m/libg_nano.a(lib_a-nano-mallocr.o)
                0x20000118                __malloc_free_list
 *(COMMON)
 COMMON         0x2000011c        0x4 ./system/src/newlib/_syscalls.o
                0x2000011c                errno
 COMMON         0x20000120        0x4 ./src/Timer.o
                0x20000120                timer_delayCount
 COMMON         0x20000124        0x8 ./src/main.o
                0x20000124                m_nStop
                0x20000128                m_nStart
 *(.bss_end .bss_end.*)
 .bss_end       0x2000012c        0x4 ./system/src/newlib/_startup.o
                0x20000130                . = ALIGN (0x4)
                0x20000130                __bss_end__ = .
                0x20000130                _ebss = .

.noinit_CCMRAM
 *(.noinit.CCMRAM .noinit.CCMRAM.*)

.noinit         0x20000130        0x0
                0x20000130                _noinit = .
 *(.noinit .noinit.*)
                0x20000130                . = ALIGN (0x4)
                0x20000130                _end_noinit = .
                [!provide]                PROVIDE (end, _end_noinit)
                [!provide]                PROVIDE (_end, _end_noinit)
                [!provide]                PROVIDE (__end, _end_noinit)
                [!provide]                PROVIDE (__end__, _end_noinit)

._check_stack   0x20000130      0x100
                0x20000230                . = (. + _Minimum_Stack_Size)
 *fill*         0x20000130      0x100 

.b1text
 *(.b1text)
 *(.b1rodata)
 *(.b1rodata.*)

.eb0text
 *(.eb0text)
 *(.eb0rodata)
 *(.eb0rodata.*)

.eb1text
 *(.eb1text)
 *(.eb1rodata)
 *(.eb1rodata.*)

.eb2text
 *(.eb2text)
 *(.eb2rodata)
 *(.eb2rodata.*)

.eb3text
 *(.eb3text)
 *(.eb3rodata)
 *(.eb3rodata.*)

.stab
 *(.stab)

.stabstr
 *(.stabstr)

.stab.excl
 *(.stab.excl)

.stab.exclstr
 *(.stab.exclstr)

.stab.index
 *(.stab.index)

.stab.indexstr
 *(.stab.indexstr)

.comment        0x00000000       0x6e
 *(.comment)
 .comment       0x00000000       0x6e ./system/src/stm32f1-stdperiph/stm32f10x_gpio.o
                                 0x6f (size before relaxing)
 .comment       0x0000006e       0x6f ./system/src/stm32f1-stdperiph/stm32f10x_rcc.o
 .comment       0x0000006e       0x6f ./system/src/newlib/_exit.o
 .comment       0x0000006e       0x6f ./system/src/newlib/_sbrk.o
 .comment       0x0000006e       0x6f ./system/src/newlib/_startup.o
 .comment       0x0000006e       0x6f ./system/src/newlib/_syscalls.o
 .comment       0x0000006e       0x6f ./system/src/newlib/assert.o
 .comment       0x0000006e       0x6f ./system/src/diag/Trace.o
 .comment       0x0000006e       0x6f ./system/src/diag/trace_impl.o
 .comment       0x0000006e       0x6f ./system/src/cortexm/_initialize_hardware.o
 .comment       0x0000006e       0x6f ./system/src/cortexm/exception_handlers.o
 .comment       0x0000006e       0x6f ./system/src/cmsis/system_stm32f10x.o
 .comment       0x0000006e       0x6f ./system/src/cmsis/vectors_stm32f10x.o
 .comment       0x0000006e       0x6f ./src/BlinkLed.o
 .comment       0x0000006e       0x6f ./src/Timer.o
 .comment       0x0000006e       0x6f ./src/main.o

.ARM.attributes
                0x00000000       0x31
 .ARM.attributes
                0x00000000       0x33 ./system/src/stm32f1-stdperiph/stm32f10x_gpio.o
 .ARM.attributes
                0x00000033       0x33 ./system/src/stm32f1-stdperiph/stm32f10x_rcc.o
 .ARM.attributes
                0x00000066       0x33 ./system/src/newlib/_exit.o
 .ARM.attributes
                0x00000099       0x33 ./system/src/newlib/_sbrk.o
 .ARM.attributes
                0x000000cc       0x33 ./system/src/newlib/_startup.o
 .ARM.attributes
                0x000000ff       0x33 ./system/src/newlib/_syscalls.o
 .ARM.attributes
                0x00000132       0x33 ./system/src/newlib/assert.o
 .ARM.attributes
                0x00000165       0x33 ./system/src/diag/Trace.o
 .ARM.attributes
                0x00000198       0x33 ./system/src/diag/trace_impl.o
 .ARM.attributes
                0x000001cb       0x33 ./system/src/cortexm/_initialize_hardware.o
 .ARM.attributes
                0x000001fe       0x33 ./system/src/cortexm/exception_handlers.o
 .ARM.attributes
                0x00000231       0x33 ./system/src/cmsis/system_stm32f10x.o
 .ARM.attributes
                0x00000264       0x33 ./system/src/cmsis/vectors_stm32f10x.o
 .ARM.attributes
                0x00000297       0x33 ./src/BlinkLed.o
 .ARM.attributes
                0x000002ca       0x33 ./src/Timer.o
 .ARM.attributes
                0x000002fd       0x33 ./src/main.o
 .ARM.attributes
                0x00000330       0x1d /home/clover/TOOLS/gcc-arm-none-eabi-5_3-2016q1/bin/../lib/gcc/arm-none-eabi/5.3.1/armv7-m/libgcc.a(_arm_addsubdf3.o)
 .ARM.attributes
                0x0000034d       0x1d /home/clover/TOOLS/gcc-arm-none-eabi-5_3-2016q1/bin/../lib/gcc/arm-none-eabi/5.3.1/armv7-m/libgcc.a(_arm_muldivdf3.o)
 .ARM.attributes
                0x0000036a       0x1d /home/clover/TOOLS/gcc-arm-none-eabi-5_3-2016q1/bin/../lib/gcc/arm-none-eabi/5.3.1/armv7-m/libgcc.a(_arm_addsubsf3.o)
 .ARM.attributes
                0x00000387       0x2d /home/clover/TOOLS/gcc-arm-none-eabi-5_3-2016q1/bin/../lib/gcc/arm-none-eabi/5.3.1/../../../../arm-none-eabi/lib/armv7-m/libg_nano.a(lib_a-errno.o)
 .ARM.attributes
                0x000003b4       0x2d /home/clover/TOOLS/gcc-arm-none-eabi-5_3-2016q1/bin/../lib/gcc/arm-none-eabi/5.3.1/../../../../arm-none-eabi/lib/armv7-m/libg_nano.a(lib_a-impure.o)
 .ARM.attributes
                0x000003e1       0x17 /home/clover/TOOLS/gcc-arm-none-eabi-5_3-2016q1/bin/../lib/gcc/arm-none-eabi/5.3.1/../../../../arm-none-eabi/lib/armv7-m/libg_nano.a(lib_a-strlen.o)
 .ARM.attributes
                0x000003f8       0x2d /home/clover/TOOLS/gcc-arm-none-eabi-5_3-2016q1/bin/../lib/gcc/arm-none-eabi/5.3.1/../../../../arm-none-eabi/lib/armv7-m/libg_nano.a(lib_a-vsnprintf.o)
 .ARM.attributes
                0x00000425       0x2d /home/clover/TOOLS/gcc-arm-none-eabi-5_3-2016q1/bin/../lib/gcc/arm-none-eabi/5.3.1/../../../../arm-none-eabi/lib/armv7-m/libg_nano.a(lib_a-nano-svfprintf.o)
 .ARM.attributes
                0x00000452       0x2d /home/clover/TOOLS/gcc-arm-none-eabi-5_3-2016q1/bin/../lib/gcc/arm-none-eabi/5.3.1/../../../../arm-none-eabi/lib/armv7-m/libg_nano.a(lib_a-nano-vfprintf_i.o)
 .ARM.attributes
                0x0000047f       0x2d /home/clover/TOOLS/gcc-arm-none-eabi-5_3-2016q1/bin/../lib/gcc/arm-none-eabi/5.3.1/../../../../arm-none-eabi/lib/armv7-m/libg_nano.a(lib_a-memchr-stub.o)
 .ARM.attributes
                0x000004ac       0x2d /home/clover/TOOLS/gcc-arm-none-eabi-5_3-2016q1/bin/../lib/gcc/arm-none-eabi/5.3.1/../../../../arm-none-eabi/lib/armv7-m/libg_nano.a(lib_a-memcpy-stub.o)
 .ARM.attributes
                0x000004d9       0x2d /home/clover/TOOLS/gcc-arm-none-eabi-5_3-2016q1/bin/../lib/gcc/arm-none-eabi/5.3.1/../../../../arm-none-eabi/lib/armv7-m/libg_nano.a(lib_a-memmove.o)
 .ARM.attributes
                0x00000506       0x2d /home/clover/TOOLS/gcc-arm-none-eabi-5_3-2016q1/bin/../lib/gcc/arm-none-eabi/5.3.1/../../../../arm-none-eabi/lib/armv7-m/libg_nano.a(lib_a-nano-freer.o)
 .ARM.attributes
                0x00000533       0x2d /home/clover/TOOLS/gcc-arm-none-eabi-5_3-2016q1/bin/../lib/gcc/arm-none-eabi/5.3.1/../../../../arm-none-eabi/lib/armv7-m/libg_nano.a(lib_a-nano-mallocr.o)
 .ARM.attributes
                0x00000560       0x2d /home/clover/TOOLS/gcc-arm-none-eabi-5_3-2016q1/bin/../lib/gcc/arm-none-eabi/5.3.1/../../../../arm-none-eabi/lib/armv7-m/libg_nano.a(lib_a-nano-reallocr.o)
 .ARM.attributes
                0x0000058d       0x2d /home/clover/TOOLS/gcc-arm-none-eabi-5_3-2016q1/bin/../lib/gcc/arm-none-eabi/5.3.1/../../../../arm-none-eabi/lib/armv7-m/libg_nano.a(lib_a-sbrkr.o)
 .ARM.attributes
                0x000005ba       0x2d /home/clover/TOOLS/gcc-arm-none-eabi-5_3-2016q1/bin/../lib/gcc/arm-none-eabi/5.3.1/../../../../arm-none-eabi/lib/armv7-m/libg_nano.a(lib_a-nano-msizer.o)

.debug
 *(.debug)

.line
 *(.line)

.debug_srcinfo
 *(.debug_srcinfo)

.debug_sfnames
 *(.debug_sfnames)

.debug_aranges  0x00000000      0x4a0
 *(.debug_aranges)
 .debug_aranges
                0x00000000       0xa8 ./system/src/stm32f1-stdperiph/stm32f10x_gpio.o
 .debug_aranges
                0x000000a8      0x118 ./system/src/stm32f1-stdperiph/stm32f10x_rcc.o
 .debug_aranges
                0x000001c0       0x28 ./system/src/newlib/_exit.o
 .debug_aranges
                0x000001e8       0x20 ./system/src/newlib/_sbrk.o
 .debug_aranges
                0x00000208       0x40 ./system/src/newlib/_startup.o
 .debug_aranges
                0x00000248       0x30 ./system/src/newlib/_syscalls.o
 .debug_aranges
                0x00000278       0x28 ./system/src/newlib/assert.o
 .debug_aranges
                0x000002a0       0x38 ./system/src/diag/Trace.o
 .debug_aranges
                0x000002d8       0x30 ./system/src/diag/trace_impl.o
 .debug_aranges
                0x00000308       0x28 ./system/src/cortexm/_initialize_hardware.o
 .debug_aranges
                0x00000330       0x90 ./system/src/cortexm/exception_handlers.o
 .debug_aranges
                0x000003c0       0x38 ./system/src/cmsis/system_stm32f10x.o
 .debug_aranges
                0x000003f8       0x20 ./system/src/cmsis/vectors_stm32f10x.o
 .debug_aranges
                0x00000418       0x20 ./src/BlinkLed.o
 .debug_aranges
                0x00000438       0x40 ./src/Timer.o
 .debug_aranges
                0x00000478       0x28 ./src/main.o

.debug_pubnames
 *(.debug_pubnames)

.debug_info     0x00000000     0x4519
 *(.debug_info .gnu.linkonce.wi.*)
 .debug_info    0x00000000      0xbcb ./system/src/stm32f1-stdperiph/stm32f10x_gpio.o
 .debug_info    0x00000bcb      0xc70 ./system/src/stm32f1-stdperiph/stm32f10x_rcc.o
 .debug_info    0x0000183b       0xef ./system/src/newlib/_exit.o
 .debug_info    0x0000192a      0x11f ./system/src/newlib/_sbrk.o
 .debug_info    0x00001a49      0x454 ./system/src/newlib/_startup.o
 .debug_info    0x00001e9d      0x1bc ./system/src/newlib/_syscalls.o
 .debug_info    0x00002059      0x1a3 ./system/src/newlib/assert.o
 .debug_info    0x000021fc      0x2e6 ./system/src/diag/Trace.o
 .debug_info    0x000024e2      0x30a ./system/src/diag/trace_impl.o
 .debug_info    0x000027ec      0x2b1 ./system/src/cortexm/_initialize_hardware.o
 .debug_info    0x00002a9d      0x8e5 ./system/src/cortexm/exception_handlers.o
 .debug_info    0x00003382      0x497 ./system/src/cmsis/system_stm32f10x.o
 .debug_info    0x00003819       0xd1 ./system/src/cmsis/vectors_stm32f10x.o
 .debug_info    0x000038ea      0x28c ./src/BlinkLed.o
 .debug_info    0x00003b76      0x64c ./src/Timer.o
 .debug_info    0x000041c2      0x357 ./src/main.o

.debug_abbrev   0x00000000     0x1563
 *(.debug_abbrev)
 .debug_abbrev  0x00000000      0x1f4 ./system/src/stm32f1-stdperiph/stm32f10x_gpio.o
 .debug_abbrev  0x000001f4      0x1f8 ./system/src/stm32f1-stdperiph/stm32f10x_rcc.o
 .debug_abbrev  0x000003ec       0x8e ./system/src/newlib/_exit.o
 .debug_abbrev  0x0000047a       0xb9 ./system/src/newlib/_sbrk.o
 .debug_abbrev  0x00000533      0x1ac ./system/src/newlib/_startup.o
 .debug_abbrev  0x000006df       0xec ./system/src/newlib/_syscalls.o
 .debug_abbrev  0x000007cb       0xab ./system/src/newlib/assert.o
 .debug_abbrev  0x00000876      0x145 ./system/src/diag/Trace.o
 .debug_abbrev  0x000009bb      0x1c8 ./system/src/diag/trace_impl.o
 .debug_abbrev  0x00000b83       0xea ./system/src/cortexm/_initialize_hardware.o
 .debug_abbrev  0x00000c6d      0x247 ./system/src/cortexm/exception_handlers.o
 .debug_abbrev  0x00000eb4      0x159 ./system/src/cmsis/system_stm32f10x.o
 .debug_abbrev  0x0000100d       0x9d ./system/src/cmsis/vectors_stm32f10x.o
 .debug_abbrev  0x000010aa      0x14d ./src/BlinkLed.o
 .debug_abbrev  0x000011f7      0x1da ./src/Timer.o
 .debug_abbrev  0x000013d1      0x192 ./src/main.o

.debug_line     0x00000000     0x463a
 *(.debug_line)
 .debug_line    0x00000000      0x8e3 ./system/src/stm32f1-stdperiph/stm32f10x_gpio.o
 .debug_line    0x000008e3      0x82d ./system/src/stm32f1-stdperiph/stm32f10x_rcc.o
 .debug_line    0x00001110      0x2ff ./system/src/newlib/_exit.o
 .debug_line    0x0000140f      0x2b1 ./system/src/newlib/_sbrk.o
 .debug_line    0x000016c0      0x367 ./system/src/newlib/_startup.o
 .debug_line    0x00001a27      0x3ab ./system/src/newlib/_syscalls.o
 .debug_line    0x00001dd2      0x33a ./system/src/newlib/assert.o
 .debug_line    0x0000210c      0x35e ./system/src/diag/Trace.o
 .debug_line    0x0000246a      0x5e5 ./system/src/diag/trace_impl.o
 .debug_line    0x00002a4f      0x36a ./system/src/cortexm/_initialize_hardware.o
 .debug_line    0x00002db9      0x682 ./system/src/cortexm/exception_handlers.o
 .debug_line    0x0000343b      0x3ca ./system/src/cmsis/system_stm32f10x.o
 .debug_line    0x00003805       0xfa ./system/src/cmsis/vectors_stm32f10x.o
 .debug_line    0x000038ff      0x347 ./src/BlinkLed.o
 .debug_line    0x00003c46      0x3ce ./src/Timer.o
 .debug_line    0x00004014      0x626 ./src/main.o

.debug_frame    0x00000000      0xd08
 *(.debug_frame)
 .debug_frame   0x00000000      0x1e8 ./system/src/stm32f1-stdperiph/stm32f10x_gpio.o
 .debug_frame   0x000001e8      0x31c ./system/src/stm32f1-stdperiph/stm32f10x_rcc.o
 .debug_frame   0x00000504       0x38 ./system/src/newlib/_exit.o
 .debug_frame   0x0000053c       0x28 ./system/src/newlib/_sbrk.o
 .debug_frame   0x00000564       0x7c ./system/src/newlib/_startup.o
 .debug_frame   0x000005e0       0x50 ./system/src/newlib/_syscalls.o
 .debug_frame   0x00000630       0x40 ./system/src/newlib/assert.o
 .debug_frame   0x00000670       0x94 ./system/src/diag/Trace.o
 .debug_frame   0x00000704       0x60 ./system/src/diag/trace_impl.o
 .debug_frame   0x00000764       0x40 ./system/src/cortexm/_initialize_hardware.o
 .debug_frame   0x000007a4      0x158 ./system/src/cortexm/exception_handlers.o
 .debug_frame   0x000008fc       0x68 ./system/src/cmsis/system_stm32f10x.o
 .debug_frame   0x00000964       0x20 ./system/src/cmsis/vectors_stm32f10x.o
 .debug_frame   0x00000984       0x30 ./src/BlinkLed.o
 .debug_frame   0x000009b4       0x68 ./src/Timer.o
 .debug_frame   0x00000a1c       0x3c ./src/main.o
 .debug_frame   0x00000a58       0x20 /home/clover/TOOLS/gcc-arm-none-eabi-5_3-2016q1/bin/../lib/gcc/arm-none-eabi/5.3.1/../../../../arm-none-eabi/lib/armv7-m/libg_nano.a(lib_a-errno.o)
 .debug_frame   0x00000a78       0x48 /home/clover/TOOLS/gcc-arm-none-eabi-5_3-2016q1/bin/../lib/gcc/arm-none-eabi/5.3.1/../../../../arm-none-eabi/lib/armv7-m/libg_nano.a(lib_a-vsnprintf.o)
 .debug_frame   0x00000ac0       0x90 /home/clover/TOOLS/gcc-arm-none-eabi-5_3-2016q1/bin/../lib/gcc/arm-none-eabi/5.3.1/../../../../arm-none-eabi/lib/armv7-m/libg_nano.a(lib_a-nano-svfprintf.o)
 .debug_frame   0x00000b50       0x60 /home/clover/TOOLS/gcc-arm-none-eabi-5_3-2016q1/bin/../lib/gcc/arm-none-eabi/5.3.1/../../../../arm-none-eabi/lib/armv7-m/libg_nano.a(lib_a-nano-vfprintf_i.o)
 .debug_frame   0x00000bb0       0x28 /home/clover/TOOLS/gcc-arm-none-eabi-5_3-2016q1/bin/../lib/gcc/arm-none-eabi/5.3.1/../../../../arm-none-eabi/lib/armv7-m/libg_nano.a(lib_a-memchr-stub.o)
 .debug_frame   0x00000bd8       0x28 /home/clover/TOOLS/gcc-arm-none-eabi-5_3-2016q1/bin/../lib/gcc/arm-none-eabi/5.3.1/../../../../arm-none-eabi/lib/armv7-m/libg_nano.a(lib_a-memcpy-stub.o)
 .debug_frame   0x00000c00       0x28 /home/clover/TOOLS/gcc-arm-none-eabi-5_3-2016q1/bin/../lib/gcc/arm-none-eabi/5.3.1/../../../../arm-none-eabi/lib/armv7-m/libg_nano.a(lib_a-memmove.o)
 .debug_frame   0x00000c28       0x2c /home/clover/TOOLS/gcc-arm-none-eabi-5_3-2016q1/bin/../lib/gcc/arm-none-eabi/5.3.1/../../../../arm-none-eabi/lib/armv7-m/libg_nano.a(lib_a-nano-freer.o)
 .debug_frame   0x00000c54       0x2c /home/clover/TOOLS/gcc-arm-none-eabi-5_3-2016q1/bin/../lib/gcc/arm-none-eabi/5.3.1/../../../../arm-none-eabi/lib/armv7-m/libg_nano.a(lib_a-nano-mallocr.o)
 .debug_frame   0x00000c80       0x3c /home/clover/TOOLS/gcc-arm-none-eabi-5_3-2016q1/bin/../lib/gcc/arm-none-eabi/5.3.1/../../../../arm-none-eabi/lib/armv7-m/libg_nano.a(lib_a-nano-reallocr.o)
 .debug_frame   0x00000cbc       0x2c /home/clover/TOOLS/gcc-arm-none-eabi-5_3-2016q1/bin/../lib/gcc/arm-none-eabi/5.3.1/../../../../arm-none-eabi/lib/armv7-m/libg_nano.a(lib_a-sbrkr.o)
 .debug_frame   0x00000ce8       0x20 /home/clover/TOOLS/gcc-arm-none-eabi-5_3-2016q1/bin/../lib/gcc/arm-none-eabi/5.3.1/../../../../arm-none-eabi/lib/armv7-m/libg_nano.a(lib_a-nano-msizer.o)

.debug_str      0x00000000    0x56028
 *(.debug_str)
 .debug_str     0x00000000    0x4e39f ./system/src/stm32f1-stdperiph/stm32f10x_gpio.o
                              0x4e52c (size before relaxing)
 .debug_str     0x0004e39f      0xb4a ./system/src/stm32f1-stdperiph/stm32f10x_rcc.o
                              0x4eafb (size before relaxing)
 .debug_str     0x0004eee9     0x4485 ./system/src/newlib/_exit.o
                               0x6b00 (size before relaxing)
 .debug_str     0x0005336e      0x4de ./system/src/newlib/_sbrk.o
                               0x5eeb (size before relaxing)
 .debug_str     0x0005384c      0x271 ./system/src/newlib/_startup.o
                               0x5a86 (size before relaxing)
 .debug_str     0x00053abd      0xe06 ./system/src/newlib/_syscalls.o
                               0x6d33 (size before relaxing)
 .debug_str     0x000548c3       0xdf ./system/src/newlib/assert.o
                               0x7609 (size before relaxing)
 .debug_str     0x000549a2      0x876 ./system/src/diag/Trace.o
                               0x72d3 (size before relaxing)
 .debug_str     0x00055218      0x381 ./system/src/diag/trace_impl.o
                              0x51a96 (size before relaxing)
 .debug_str     0x00055599       0xb2 ./system/src/cortexm/_initialize_hardware.o
                              0x4e016 (size before relaxing)
 .debug_str     0x0005564b      0x1a8 ./system/src/cortexm/exception_handlers.o
                              0x52871 (size before relaxing)
 .debug_str     0x000557f3       0xa6 ./system/src/cmsis/system_stm32f10x.o
                              0x4e0c0 (size before relaxing)
 .debug_str     0x00055899       0x57 ./system/src/cmsis/vectors_stm32f10x.o
                               0x3065 (size before relaxing)
 .debug_str     0x000558f0      0x12f ./src/BlinkLed.o
                              0x4e199 (size before relaxing)
 .debug_str     0x00055a1f      0x3f9 ./src/Timer.o
                              0x4e3ea (size before relaxing)
 .debug_str     0x00055e18      0x210 ./src/main.o
                              0x52f0a (size before relaxing)

.debug_loc      0x00000000     0x1c2d
 *(.debug_loc)
 .debug_loc     0x00000000      0x776 ./system/src/stm32f1-stdperiph/stm32f10x_gpio.o
 .debug_loc     0x00000776      0x91f ./system/src/stm32f1-stdperiph/stm32f10x_rcc.o
 .debug_loc     0x00001095       0x82 ./system/src/newlib/_sbrk.o
 .debug_loc     0x00001117      0x265 ./system/src/newlib/_startup.o
 .debug_loc     0x0000137c       0x63 ./system/src/newlib/_syscalls.o
 .debug_loc     0x000013df      0x110 ./system/src/newlib/assert.o
 .debug_loc     0x000014ef      0x102 ./system/src/diag/Trace.o
 .debug_loc     0x000015f1      0x17c ./system/src/diag/trace_impl.o
 .debug_loc     0x0000176d      0x2a8 ./system/src/cortexm/exception_handlers.o
 .debug_loc     0x00001a15       0xdf ./system/src/cmsis/system_stm32f10x.o
 .debug_loc     0x00001af4       0x59 ./src/Timer.o
 .debug_loc     0x00001b4d       0xe0 ./src/main.o

.debug_macinfo
 *(.debug_macinfo)

.debug_weaknames
 *(.debug_weaknames)

.debug_funcnames
 *(.debug_funcnames)

.debug_typenames
 *(.debug_typenames)

.debug_varnames
 *(.debug_varnames)
OUTPUT(CLRHelloTimer.elf elf32-littlearm)

.debug_ranges   0x00000000      0x3e8
 .debug_ranges  0x00000000       0x98 ./system/src/stm32f1-stdperiph/stm32f10x_gpio.o
 .debug_ranges  0x00000098      0x108 ./system/src/stm32f1-stdperiph/stm32f10x_rcc.o
 .debug_ranges  0x000001a0       0x18 ./system/src/newlib/_exit.o
 .debug_ranges  0x000001b8       0x10 ./system/src/newlib/_sbrk.o
 .debug_ranges  0x000001c8       0x48 ./system/src/newlib/_startup.o
 .debug_ranges  0x00000210       0x20 ./system/src/newlib/_syscalls.o
 .debug_ranges  0x00000230       0x18 ./system/src/newlib/assert.o
 .debug_ranges  0x00000248       0x28 ./system/src/diag/Trace.o
 .debug_ranges  0x00000270       0x38 ./system/src/diag/trace_impl.o
 .debug_ranges  0x000002a8       0x18 ./system/src/cortexm/_initialize_hardware.o
 .debug_ranges  0x000002c0       0x98 ./system/src/cortexm/exception_handlers.o
 .debug_ranges  0x00000358       0x28 ./system/src/cmsis/system_stm32f10x.o
 .debug_ranges  0x00000380       0x10 ./system/src/cmsis/vectors_stm32f10x.o
 .debug_ranges  0x00000390       0x10 ./src/BlinkLed.o
 .debug_ranges  0x000003a0       0x30 ./src/Timer.o
 .debug_ranges  0x000003d0       0x18 ./src/main.o

.debug_macro    0x00000000     0x3789
 .debug_macro   0x00000000      0x1b9 ./system/src/stm32f1-stdperiph/stm32f10x_gpio.o
 .debug_macro   0x000001b9      0x2a6 ./system/src/stm32f1-stdperiph/stm32f10x_gpio.o
 .debug_macro   0x0000045f      0x287 ./system/src/stm32f1-stdperiph/stm32f10x_rcc.o
 .debug_macro   0x000006e6      0x3dc ./system/src/stm32f1-stdperiph/stm32f10x_rcc.o
 .debug_macro   0x00000ac2      0x182 ./system/src/newlib/_exit.o
 .debug_macro   0x00000c44       0x9c ./system/src/newlib/_exit.o
 .debug_macro   0x00000ce0      0x10e ./system/src/newlib/_exit.o
 .debug_macro   0x00000dee       0x8d ./system/src/newlib/_exit.o
 .debug_macro   0x00000e7b       0x43 ./system/src/newlib/_exit.o
 .debug_macro   0x00000ebe      0x30d ./system/src/newlib/_exit.o
 .debug_macro   0x000011cb       0x35 ./system/src/newlib/_exit.o
 .debug_macro   0x00001200      0x137 ./system/src/newlib/_sbrk.o
 .debug_macro   0x00001337      0x174 ./system/src/newlib/_sbrk.o
 .debug_macro   0x000014ab       0x10 ./system/src/newlib/_sbrk.o
 .debug_macro   0x000014bb      0x23b ./system/src/newlib/_sbrk.o
 .debug_macro   0x000016f6      0x141 ./system/src/newlib/_startup.o
 .debug_macro   0x00001837      0x1d6 ./system/src/newlib/_syscalls.o
 .debug_macro   0x00001a0d       0x1c ./system/src/newlib/_syscalls.o
 .debug_macro   0x00001a29       0x10 ./system/src/newlib/_syscalls.o
 .debug_macro   0x00001a39       0x10 ./system/src/newlib/_syscalls.o
 .debug_macro   0x00001a49       0x10 ./system/src/newlib/_syscalls.o
 .debug_macro   0x00001a59       0x35 ./system/src/newlib/_syscalls.o
 .debug_macro   0x00001a8e      0x122 ./system/src/newlib/_syscalls.o
 .debug_macro   0x00001bb0       0x88 ./system/src/newlib/_syscalls.o
 .debug_macro   0x00001c38       0x2b ./system/src/newlib/_syscalls.o
 .debug_macro   0x00001c63      0x118 ./system/src/newlib/_syscalls.o
 .debug_macro   0x00001d7b      0x159 ./system/src/newlib/_syscalls.o
 .debug_macro   0x00001ed4       0x16 ./system/src/newlib/_syscalls.o
 .debug_macro   0x00001eea      0x19e ./system/src/newlib/assert.o
 .debug_macro   0x00002088       0x1c ./system/src/newlib/assert.o
 .debug_macro   0x000020a4      0x1af ./system/src/diag/Trace.o
 .debug_macro   0x00002253       0x16 ./system/src/diag/Trace.o
 .debug_macro   0x00002269       0x97 ./system/src/diag/Trace.o
 .debug_macro   0x00002300       0xfd ./system/src/diag/Trace.o
 .debug_macro   0x000023fd       0x10 ./system/src/diag/Trace.o
 .debug_macro   0x0000240d       0x16 ./system/src/diag/Trace.o
 .debug_macro   0x00002423      0x182 ./system/src/diag/Trace.o
 .debug_macro   0x000025a5       0x52 ./system/src/diag/Trace.o
 .debug_macro   0x000025f7       0x16 ./system/src/diag/Trace.o
 .debug_macro   0x0000260d      0x2a8 ./system/src/diag/trace_impl.o
 .debug_macro   0x000028b5       0x10 ./system/src/diag/trace_impl.o
 .debug_macro   0x000028c5       0xcf ./system/src/diag/trace_impl.o
 .debug_macro   0x00002994       0x19 ./system/src/diag/trace_impl.o
 .debug_macro   0x000029ad       0xbe ./system/src/diag/trace_impl.o
 .debug_macro   0x00002a6b       0x22 ./system/src/diag/trace_impl.o
 .debug_macro   0x00002a8d      0x16b ./system/src/cortexm/_initialize_hardware.o
 .debug_macro   0x00002bf8      0x2de ./system/src/cortexm/exception_handlers.o
 .debug_macro   0x00002ed6       0x3b ./system/src/cortexm/exception_handlers.o
 .debug_macro   0x00002f11       0x10 ./system/src/cortexm/exception_handlers.o
 .debug_macro   0x00002f21      0x16e ./system/src/cmsis/system_stm32f10x.o
 .debug_macro   0x0000308f       0x34 ./system/src/cmsis/vectors_stm32f10x.o
 .debug_macro   0x000030c3      0x170 ./src/BlinkLed.o
 .debug_macro   0x00003233       0x28 ./src/BlinkLed.o
 .debug_macro   0x0000325b      0x184 ./src/Timer.o
 .debug_macro   0x000033df       0x10 ./src/Timer.o
 .debug_macro   0x000033ef      0x36c ./src/main.o
 .debug_macro   0x0000375b       0x2e ./src/main.o
